<html>
<body>
<pre>
<h1>礦ision Build Log</h1>
<h2>Project:</h2>
E:\visualtest\wuhan1\项目\91班共享\智能家居--学员\M0与ZigBee模块--学员\M0模块\第四步——基础实验\源码测试\17_ZigBee实验\FS_11C14代码\ZigBee\project.uvproj
Project File Date:  01/13/2017

<h2>Output:</h2>
Rebuild target 'ZigBee_Prj'
assembling startup_LPC11xx.s...
compiling core_cm0.c...
compiling system_LPC11xx.c...
compiling gpio.c...
compiling uart.c...
compiling retarget.c...
compiling ssp.c...
..\Lib_MCU\src\ssp.c(97): warning:  #223-D: function "UART0_PutChar" declared implicitly
    UART0_PutChar('b');
..\Lib_MCU\src\ssp.c: 1 warning, 0 errors
compiling i2c.c...
compiling timer32.c...
compiling clkconfig.c...
compiling tools.c...
compiling oled2864.c...
compiling spi_uart.c...
..\Lib_BSP\src\spi_uart.c(291): warning:  #167-D: argument of type "char *" is incompatible with parameter of type "uint8_t *"
        while(ZigBee_GetChar(ch_buf)){
..\Lib_BSP\src\spi_uart.c(284): warning:  #177-D: variable "i" was declared but never referenced
        int i;
..\Lib_BSP\src\spi_uart.c(285): warning:  #177-D: variable "ch" was declared but never referenced
        char ch;
..\Lib_BSP\src\spi_uart.c: 3 warnings, 0 errors
compiling key.c...
compiling light.c...
compiling temp_hum.c...
compiling acc.c...
compiling seg7led.c...
compiling main.c...
src\main.c(120): warning:  #223-D: function "send_temp_value" declared implicitly
                                                                                                send_temp_value();
src\main.c(130): warning:  #223-D: function "send_hum_value" declared implicitly
                                                                                                send_hum_value();
src\main.c(140): warning:  #223-D: function "send_light_strength" declared implicitly
                                                                                                send_light_strength();
src\main.c(150): warning:  #223-D: function "send_xyz_value" declared implicitly
                                                                                        send_xyz_value();
src\main.c(239): warning:  #223-D: function "speaker_op" declared implicitly
                                                                                        speaker_op(1);          
src\main.c: 5 warnings, 0 errors
compiling lpc11c14_it.c...
compiling my_functions.c...
my_functions.c(88): warning:  #223-D: function "Read_Temp_Hum" declared implicitly
        i = Read_Temp_Hum(temp, hum);
my_functions.c(84): warning:  #177-D: variable "fan_on" was declared but never referenced
    uint32_t    i, fan_on=0;
my_functions.c(108): warning:  #223-D: function "Read_Temp_Hum" declared implicitly
        i = Read_Temp_Hum(temp, hum);
my_functions.c(142): warning:  #223-D: function "acc_init" declared implicitly
    acc_init();
my_functions.c(144): warning:  #223-D: function "acc_read" declared implicitly
    acc_read(&x, &y, &z);
my_functions.c: 5 warnings, 0 errors
linking...
Program Size: Code=19180 RO-data=2704 RW-data=188 ZI-data=932  
FromELF: creating hex file...
".\output\ZigBee_Prj.axf" - 0 Error(s), 14 Warning(s).
Load "E:\\visualtest\\wuhan1\\项目\\91班共享\\智能家居--学员\\M0与ZigBee模块--学员\\M0模块\\第四步——基础实验\\源码测试\\17_ZigBee实验\\FS_11C14代码\\ZigBee\\output\\ZigBee_Prj.axf" 
Erase Done.
Programming Done.
Verify OK.
Load "E:\\visualtest\\wuhan1\\项目\\91班共享\\智能家居--学员\\M0与ZigBee模块--学员\\M0模块\\第四步——基础实验\\源码测试\\17_ZigBee实验\\FS_11C14代码\\ZigBee\\output\\ZigBee_Prj.axf" 
Erase Done.
Programming Done.
Verify OK.
Load "E:\\visualtest\\wuhan1\\项目\\91班共享\\智能家居--学员\\M0与ZigBee模块--学员\\M0模块\\第四步——基础实验\\源码测试\\17_ZigBee实验\\FS_11C14代码\\ZigBee\\output\\ZigBee_Prj.axf" 
Erase Done.
Programming Done.
Verify OK.
</pre>
</body>
</html>

Verify OK.
Load "E:\\visualtest\\wuhan1\\项目\\91班共享\\智能家居--学员\\M0与ZigBee模块--学员\\M0模块\\第四步——基础实验\\源码测试\\17_ZigBee实验\\FS_11C14代码\\ZigBee\\output\\ZigBee_Prj.axf" 
Erase Done.
Programming Done.
Verify OK.
