ARM Linker, 5.03 [Build 76] [MDK-ARM Lite]

==============================================================================

Section Cross References

    startup_lpc11xx.o(STACK) refers (Special) to heapauxi.o(.text) for __use_two_region_memory
    startup_lpc11xx.o(HEAP) refers (Special) to heapauxi.o(.text) for __use_two_region_memory
    startup_lpc11xx.o(RESET) refers (Special) to heapauxi.o(.text) for __use_two_region_memory
    startup_lpc11xx.o(RESET) refers to startup_lpc11xx.o(STACK) for __initial_sp
    startup_lpc11xx.o(RESET) refers to startup_lpc11xx.o(.text) for Reset_Handler
    startup_lpc11xx.o(RESET) refers to main.o(.text) for SysTick_Handler
    startup_lpc11xx.o(RESET) refers to ssp.o(.text) for SSP1_IRQHandler
    startup_lpc11xx.o(RESET) refers to i2c.o(.text) for I2C_IRQHandler
    startup_lpc11xx.o(RESET) refers to timer32.o(.text) for TIMER32_0_IRQHandler
    startup_lpc11xx.o(RESET) refers to uart.o(.text) for UART_IRQHandler
    startup_lpc11xx.o(RESET) refers to lpc11c14_it.o(.text) for PIOINT3_IRQHandler
    startup_lpc11xx.o(.ARM.__at_0x02FC) refers (Special) to heapauxi.o(.text) for __use_two_region_memory
    startup_lpc11xx.o(.text) refers (Special) to heapauxi.o(.text) for __use_two_region_memory
    startup_lpc11xx.o(.text) refers to __main.o(!!!main) for __main
    startup_lpc11xx.o(.text) refers to startup_lpc11xx.o(HEAP) for Heap_Mem
    startup_lpc11xx.o(.text) refers to startup_lpc11xx.o(STACK) for Stack_Mem
    system_lpc11xx.o(.text) refers to system_lpc11xx.o(.data) for ClockSource
    gpio.o(.text) refers to gpio.o(.constdata) for LPC_GPIO
    uart.o(.text) refers to aeabi_sdiv.o(.text) for __aeabi_uidivmod
    uart.o(.text) refers to c89vsnprintf.o(.text) for __c89vsnprintf
    uart.o(.text) refers to uart.o(.data) for UARTStatus
    uart.o(.text) refers to uart.o(.bss) for UARTBuffer
    uart.o(.text) refers to system_lpc11xx.o(.data) for SystemAHBFrequency
    retarget.o(.text) refers (Special) to use_no_semi.o(.text) for __use_no_semihosting_swi
    retarget.o(.text) refers to uart.o(.data) for UARTCount
    retarget.o(.text) refers to uart.o(.bss) for UARTBuffer
    retarget.o(.data) refers (Special) to use_no_semi.o(.text) for __use_no_semihosting_swi
    ssp.o(.text) refers to uart.o(.text) for UART0_PutChar
    ssp.o(.text) refers to gpio.o(.text) for GPIOSetDir
    ssp.o(.text) refers to ssp.o(.data) for interruptOverRunStat0
    i2c.o(.text) refers to i2c.o(i.__ARM_common_switch8) for __ARM_common_switch8
    i2c.o(.text) refers to i2c.o(.data) for WrIndex
    timer32.o(.text) refers to aeabi_sdiv.o(.text) for __aeabi_uidivmod
    timer32.o(.text) refers to system_lpc11xx.o(.data) for SystemAHBFrequency
    timer32.o(.text) refers to timer32.o(.data) for timer32_0_counter
    tools.o(.text) refers to aeabi_sdiv.o(.text) for __aeabi_uidivmod
    oled2864.o(.text) refers to gpio.o(.text) for GPIOSetValue
    oled2864.o(.text) refers to ssp.o(.text) for SPI_PutGet
    oled2864.o(.text) refers to oled2864.o(.constdata) for Ascii_1
    spi_uart.o(.text) refers to gpio.o(.text) for GPIOSetValue
    spi_uart.o(.text) refers to ssp.o(.text) for SPI_PutGet
    spi_uart.o(.text) refers to uart.o(.text) for UART0_PutChar
    spi_uart.o(.text) refers to aeabi_sdiv.o(.text) for __aeabi_uidivmod
    spi_uart.o(.text) refers to spi_uart.o(.bss) for SPI752_rbuf_0
    spi_uart.o(.text) refers to spi_uart.o(.data) for SPI752_rbuf_0_ip
    key.o(.text) refers to gpio.o(.text) for GPIOSetDir
    light.o(.text) refers to _printf_percent.o(.ARM.Collect$$_printf_percent$$00000000) for _printf_percent
    light.o(.text) refers to _printf_d.o(.ARM.Collect$$_printf_percent$$00000009) for _printf_d
    light.o(.text) refers to _printf_dec.o(.text) for _printf_int_dec
    light.o(.text) refers to i2c.o(.text) for I2CWrite
    light.o(.text) refers to aeabi_sdiv.o(.text) for __aeabi_uidivmod
    light.o(.text) refers to oled2864.o(.text) for OLED_ClearScreen
    light.o(.text) refers to __2printf.o(.text) for __2printf
    light.o(.text) refers to __2snprintf.o(.text) for __2snprintf
    light.o(.text) refers to tools.o(.text) for delay_ms
    light.o(.text) refers to key.o(.text) for KEY_Read
    light.o(.text) refers to light.o(.data) for range
    temp_hum.o(.text) refers to _printf_percent.o(.ARM.Collect$$_printf_percent$$00000000) for _printf_percent
    temp_hum.o(.text) refers to _printf_d.o(.ARM.Collect$$_printf_percent$$00000009) for _printf_d
    temp_hum.o(.text) refers to _printf_dec.o(.text) for _printf_int_dec
    temp_hum.o(.text) refers to gpio.o(.text) for GPIOSetDir
    temp_hum.o(.text) refers to tools.o(.text) for delay_ms
    temp_hum.o(.text) refers to oled2864.o(.text) for OLED_ClearScreen
    temp_hum.o(.text) refers to __2snprintf.o(.text) for __2snprintf
    temp_hum.o(.text) refers to __2printf.o(.text) for __2printf
    temp_hum.o(.text) refers to key.o(.text) for KEY_Read
    temp_hum.o(.text) refers to lpc11c14_it.o(.data) for p3_2_counter
[...]
    ../clib/printf_percent.s                 0x00000000   Number         0  _printf_a.o ABSOLUTE
    ../clib/printf_percent.s                 0x00000000   Number         0  _printf_s.o ABSOLUTE
    ../clib/printf_percent.s                 0x00000000   Number         0  _printf_o.o ABSOLUTE
    ../clib/printf_percent.s                 0x00000000   Number         0  _printf_lli.o ABSOLUTE
    ../clib/printf_percent.s                 0x00000000   Number         0  _printf_p.o ABSOLUTE
    ../clib/printf_percent.s                 0x00000000   Number         0  _printf_percent_end.o ABSOLUTE
    ../clib/printf_percent.s                 0x00000000   Number         0  _printf_x.o ABSOLUTE
    ../clib/printf_percent.s                 0x00000000   Number         0  _printf_i.o ABSOLUTE
    ../clib/printf_percent.s                 0x00000000   Number         0  _printf_llx.o ABSOLUTE
    ../clib/printf_percent.s                 0x00000000   Number         0  _printf_c.o ABSOLUTE
    ../clib/printf_percent.s                 0x00000000   Number         0  _printf_llo.o ABSOLUTE
    ../clib/printf_percent.s                 0x00000000   Number         0  _printf_n.o ABSOLUTE
    ../clib/printf_percent.s                 0x00000000   Number         0  _printf_ls.o ABSOLUTE
    ../clib/printf_percent.s                 0x00000000   Number         0  _printf_u.o ABSOLUTE
    ../clib/printf_percent.s                 0x00000000   Number         0  _printf_lc.o ABSOLUTE
    ../clib/printf_percent.s                 0x00000000   Number         0  _printf_l.o ABSOLUTE
    ../clib/printf_percent.s                 0x00000000   Number         0  _printf_ll.o ABSOLUTE
    ../clib/printf_percent.s                 0x00000000   Number         0  _printf_d.o ABSOLUTE
    ../clib/printf_percent.s                 0x00000000   Number         0  _printf_llu.o ABSOLUTE
    ../clib/printf_percent.s                 0x00000000   Number         0  _printf_f.o ABSOLUTE
    ../clib/printf_percent.s                 0x00000000   Number         0  _printf_percent.o ABSOLUTE
    ../clib/printf_percent.s                 0x00000000   Number         0  _printf_e.o ABSOLUTE
    ../clib/printf_percent.s                 0x00000000   Number         0  _printf_lld.o ABSOLUTE
    ../clib/signal.c                         0x00000000   Number         0  defsig_exit.o ABSOLUTE
    ../clib/signal.c                         0x00000000   Number         0  defsig_pvfn_inner.o ABSOLUTE
    ../clib/signal.c                         0x00000000   Number         0  defsig_fpe_formal.o ABSOLUTE
    ../clib/signal.c                         0x00000000   Number         0  defsig_fpe_outer.o ABSOLUTE
    ../clib/signal.c                         0x00000000   Number         0  defsig_other.o ABSOLUTE
    ../clib/signal.c                         0x00000000   Number         0  defsig_segv_inner.o ABSOLUTE
    ../clib/signal.c                         0x00000000   Number         0  defsig_cppl_inner.o ABSOLUTE
    ../clib/signal.c                         0x00000000   Number         0  defsig_stak_inner.o ABSOLUTE
    ../clib/signal.c                         0x00000000   Number         0  defsig_rtmem_formal.o ABSOLUTE
    ../clib/signal.c                         0x00000000   Number         0  defsig_rtmem_outer.o ABSOLUTE
    ../clib/signal.c                         0x00000000   Number         0  defsig_rtmem_inner.o ABSOLUTE
    ../clib/signal.c                         0x00000000   Number         0  defsig_rtred_inner.o ABSOLUTE
    ../clib/signal.c                         0x00000000   Number         0  defsig_abrt_inner.o ABSOLUTE
    ../clib/signal.c                         0x00000000   Number         0  defsig_general.o ABSOLUTE
    ../clib/signal.c                         0x00000000   Number         0  __raise.o ABSOLUTE
    ../clib/signal.c                         0x00000000   Number         0  defsig_fpe_inner.o ABSOLUTE
    ../clib/signal.s                         0x00000000   Number         0  defsig.o ABSOLUTE
    ../clib/stdlib.c                         0x00000000   Number         0  exit.o ABSOLUTE
    ../clib/string.c                         0x00000000   Number         0  strcmp.o ABSOLUTE
    ../fplib/cfplib/fpinit.c                 0x00000000   Number         0  fpinit.o ABSOLUTE
    ../fplib/cfplib/ieee_status.c            0x00000000   Number         0  ieee_status.o ABSOLUTE
    ../fplib/printf1.s                       0x00000000   Number         0  printf1.o ABSOLUTE
    ../fplib/usenofp.s                       0x00000000   Number         0  usenofp.o ABSOLUTE
    ../mathlib/fpclassify.c                  0x00000000   Number         0  fpclassify.o ABSOLUTE
    ..\Lib_BSP\src\acc.c                     0x00000000   Number         0  acc.o ABSOLUTE
    ..\Lib_BSP\src\key.c                     0x00000000   Number         0  key.o ABSOLUTE
    ..\Lib_BSP\src\light.c                   0x00000000   Number         0  light.o ABSOLUTE
    ..\Lib_BSP\src\oled2864.c                0x00000000   Number         0  oled2864.o ABSOLUTE
    ..\Lib_BSP\src\seg7led.c                 0x00000000   Number         0  seg7led.o ABSOLUTE
    ..\Lib_BSP\src\spi_uart.c                0x00000000   Number         0  spi_uart.o ABSOLUTE
    ..\Lib_BSP\src\temp_hum.c                0x00000000   Number         0  temp_hum.o ABSOLUTE
    ..\Lib_BSP\src\tools.c                   0x00000000   Number         0  tools.o ABSOLUTE
    ..\Lib_MCU\src\clkconfig.c               0x00000000   Number         0  clkconfig.o ABSOLUTE
    ..\Lib_MCU\src\core_cm0.c                0x00000000   Number         0  core_cm0.o ABSOLUTE
    ..\Lib_MCU\src\gpio.c                    0x00000000   Number         0  gpio.o ABSOLUTE
    ..\Lib_MCU\src\i2c.c                     0x00000000   Number         0  i2c.o ABSOLUTE
    ..\Lib_MCU\src\retarget.c                0x00000000   Number         0  retarget.o ABSOLUTE
    ..\Lib_MCU\src\ssp.c                     0x00000000   Number         0  ssp.o ABSOLUTE
    ..\Lib_MCU\src\startup_LPC11xx.s         0x00000000   Number         0  startup_lpc11xx.o ABSOLUTE
    ..\Lib_MCU\src\system_LPC11xx.c          0x00000000   Number         0  system_lpc11xx.o ABSOLUTE
    ..\Lib_MCU\src\timer32.c                 0x00000000   Number         0  timer32.o ABSOLUTE
    ..\Lib_MCU\src\uart.c                    0x00000000   Number         0  uart.o ABSOLUTE
    ..\\Lib_MCU\\src\\core_cm0.c             0x00000000   Number         0  core_cm0.o ABSOLUTE
    dc.s                                     0x00000000   Number         0  dc.o ABSOLUTE
    my_functions.c                           0x00000000   Number         0  my_functions.o ABSOLUTE
    src\lpc11c14_it.c                        0x00000000   Number         0  lpc11c14_it.o ABSOLUTE
    src\main.c                               0x00000000   Number         0  main.o ABSOLUTE
    !!!main                                  0x000000c0   Section        8  __main.o(!!!main)
    !!!scatter                               0x000000c8   Section       60  __scatter.o(!!!scatter)
    !!handler_copy                           0x00000104   Section       26  __scatter_copy.o(!!handler_copy)
    !!handler_zi                             0x00000120   Section       28  __scatter_zi.o(!!handler_zi)
    .ARM.Collect$$_printf_percent$$00000000  0x0000013c   Section        2  _printf_percent.o(.ARM.Collect$$_printf_percent$$00000000)
    .ARM.Collect$$_printf_percent$$00000001  0x0000013e   Section       10  _printf_n.o(.ARM.Collect$$_printf_percent$$00000001)
    .ARM.Collect$$_printf_percent$$00000002  0x00000148   Section       10  _printf_p.o(.ARM.Collect$$_printf_percent$$00000002)
    .ARM.Collect$$_printf_percent$$00000003  0x00000152   Section       10  _printf_f.o(.ARM.Collect$$_printf_percent$$00000003)
    .ARM.Collect$$_printf_percent$$00000004  0x0000015c   Section       10  _printf_e.o(.ARM.Collect$$_printf_percent$$00000004)
    .ARM.Collect$$_printf_percent$$00000005  0x00000166   Section       10  _printf_g.o(.ARM.Collect$$_printf_percent$$00000005)
    .ARM.Collect$$_printf_percent$$00000006  0x00000170   Section       10  _printf_a.o(.ARM.Collect$$_printf_percent$$00000006)
    .ARM.Collect$$_printf_percent$$00000007  0x0000017a   Section       10  _printf_ll.o(.ARM.Collect$$_printf_percent$$00000007)
    .ARM.Collect$$_printf_percent$$00000008  0x00000184   Section       10  _printf_i.o(.ARM.Collect$$_printf_percent$$00000008)
    .ARM.Collect$$_printf_percent$$00000009  0x0000018e   Section       10  _printf_d.o(.ARM.Collect$$_printf_percent$$00000009)
    .ARM.Collect$$_printf_percent$$0000000A  0x00000198   Section       10  _printf_u.o(.ARM.Collect$$_printf_percent$$0000000A)
    .ARM.Collect$$_printf_percent$$0000000B  0x000001a2   Section       10  _printf_o.o(.ARM.Collect$$_printf_percent$$0000000B)
    .ARM.Collect$$_printf_percent$$0000000C  0x000001ac   Section       10  _printf_x.o(.ARM.Collect$$_printf_percent$$0000000C)
    .ARM.Collect$$_printf_percent$$0000000D  0x000001b6   Section       10  _printf_lli.o(.ARM.Collect$$_printf_percent$$0000000D)
    .ARM.Collect$$_printf_percent$$0000000E  0x000001c0   Section       10  _printf_lld.o(.ARM.Collect$$_printf_percent$$0000000E)
    .ARM.Collect$$_printf_percent$$0000000F  0x000001ca   Section       10  _printf_llu.o(.ARM.Collect$$_printf_percent$$0000000F)
    .ARM.Collect$$_printf_percent$$00000010  0x000001d4   Section       10  _printf_llo.o(.ARM.Collect$$_printf_percent$$00000010)
    .ARM.Collect$$_printf_percent$$00000011  0x000001de   Section       10  _printf_llx.o(.ARM.Collect$$_printf_percent$$00000011)
    .ARM.Collect$$_printf_percent$$00000012  0x000001e8   Section       10  _printf_l.o(.ARM.Collect$$_printf_percent$$00000012)
    .ARM.Collect$$_printf_percent$$00000013  0x000001f2   Section       10  _printf_c.o(.ARM.Collect$$_printf_percent$$00000013)
    .ARM.Collect$$_printf_percent$$00000014  0x000001fc   Section       10  _printf_s.o(.ARM.Collect$$_printf_percent$$00000014)
    .ARM.Collect$$_printf_percent$$00000015  0x00000206   Section       10  _printf_lc.o(.ARM.Collect$$_printf_percent$$00000015)
    .ARM.Collect$$_printf_percent$$00000016  0x00000210   Section       10  _printf_ls.o(.ARM.Collect$$_printf_percent$$00000016)
    .ARM.Collect$$_printf_percent$$00000017  0x0000021a   Section        4  _printf_percent_end.o(.ARM.Collect$$_printf_percent$$00000017)
    .ARM.Collect$$libinit$$00000000          0x0000021e   Section        2  libinit.o(.ARM.Collect$$libinit$$00000000)
    .ARM.Collect$$libinit$$00000001          0x00000220   Section        4  libinit2.o(.ARM.Collect$$libinit$$00000001)
    .ARM.Collect$$libinit$$00000008          0x00000224   Section        0  libinit2.o(.ARM.Collect$$libinit$$00000008)
    .ARM.Collect$$libinit$$0000000A          0x00000224   Section        0  libinit2.o(.ARM.Collect$$libinit$$0000000A)
    .ARM.Collect$$libinit$$0000000C          0x00000224   Section        0  libinit2.o(.ARM.Collect$$libinit$$0000000C)
    .ARM.Collect$$libinit$$0000000D          0x00000224   Section        6  libinit2.o(.ARM.Collect$$libinit$$0000000D)
    .ARM.Collect$$libinit$$0000000F          0x0000022a   Section        0  libinit2.o(.ARM.Collect$$libinit$$0000000F)
    .ARM.Collect$$libinit$$00000010          0x0000022a   Section       12  libinit2.o(.ARM.Collect$$libinit$$00000010)
    .ARM.Collect$$libinit$$00000011          0x00000236   Section        0  libinit2.o(.ARM.Collect$$libinit$$00000011)
    .ARM.Collect$$libinit$$00000013          0x00000236   Section        0  libinit2.o(.ARM.Collect$$libinit$$00000013)
    .ARM.Collect$$libinit$$00000014          0x00000236   Section       10  libinit2.o(.ARM.Collect$$libinit$$00000014)
    .ARM.Collect$$libinit$$00000015          0x00000240   Section        0  libinit2.o(.ARM.Collect$$libinit$$00000015)
    .ARM.Collect$$libinit$$00000017          0x00000240   Section        0  libinit2.o(.ARM.Collect$$libinit$$00000017)
    .ARM.Collect$$libinit$$00000019          0x00000240   Section        0  libinit2.o(.ARM.Collect$$libinit$$00000019)
    .ARM.Collect$$libinit$$0000001B          0x00000240   Section        0  libinit2.o(.ARM.Collect$$libinit$$0000001B)
    .ARM.Collect$$libinit$$0000001D          0x00000240   Section        0  libinit2.o(.ARM.Collect$$libinit$$0000001D)
    .ARM.Collect$$libinit$$0000001F          0x00000240   Section        0  libinit2.o(.ARM.Collect$$libinit$$0000001F)
    .ARM.Collect$$libinit$$00000021          0x00000240   Section        0  libinit2.o(.ARM.Collect$$libinit$$00000021)
    .ARM.Collect$$libinit$$00000023          0x00000240   Section        0  libinit2.o(.ARM.Collect$$libinit$$00000023)
    .ARM.Collect$$libinit$$0000002A          0x00000240   Section        0  libinit2.o(.ARM.Collect$$libinit$$0000002A)
    .ARM.Collect$$libinit$$0000002C          0x00000240   Section        0  libinit2.o(.ARM.Collect$$libinit$$0000002C)
    .ARM.Collect$$libinit$$0000002E          0x00000240   Section        0  libinit2.o(.ARM.Collect$$libinit$$0000002E)
    .ARM.Collect$$libinit$$00000030          0x00000240   Section        0  libinit2.o(.ARM.Collect$$libinit$$00000030)
    .ARM.Collect$$libinit$$00000031          0x00000240   Section        2  libinit2.o(.ARM.Collect$$libinit$$00000031)
    .ARM.Collect$$libshutdown$$00000000      0x00000242   Section        2  libshutdown.o(.ARM.Collect$$libshutdown$$00000000)
    .ARM.Collect$$libshutdown$$00000003      0x00000244   Section        0  libshutdown2.o(.ARM.Collect$$libshutdown$$00000003)
    .ARM.Collect$$libshutdown$$00000006      0x00000244   Section        0  libshutdown2.o(.ARM.Collect$$libshutdown$$00000006)
    .ARM.Collect$$libshutdown$$00000009      0x00000244   Section        0  libshutdown2.o(.ARM.Collect$$libshutdown$$00000009)
    .ARM.Collect$$libshutdown$$0000000B      0x00000244   Section        0  libshutdown2.o(.ARM.Collect$$libshutdown$$0000000B)
    .ARM.Collect$$libshutdown$$0000000E      0x00000244   Section        0  libshutdown2.o(.ARM.Collect$$libshutdown$$0000000E)
    .ARM.Collect$$libshutdown$$0000000F      0x00000244   Section        2  libshutdown2.o(.ARM.Collect$$libshutdown$$0000000F)
    .ARM.Collect$$rtentry$$00000000          0x00000246   Section        0  rtentry.o(.ARM.Collect$$rtentry$$00000000)
    .ARM.Collect$$rtentry$$00000002          0x00000246   Section        0  rtentry2.o(.ARM.Collect$$rtentry$$00000002)
    .ARM.Collect$$rtentry$$00000004          0x00000246   Section        6  rtentry4.o(.ARM.Collect$$rtentry$$00000004)
    .ARM.Collect$$rtentry$$00000009          0x0000024c   Section        0  rtentry2.o(.ARM.Collect$$rtentry$$00000009)
    .ARM.Collect$$rtentry$$0000000A          0x0000024c   Section        4  rtentry2.o(.ARM.Collect$$rtentry$$0000000A)
    .ARM.Collect$$rtentry$$0000000C          0x00000250   Section        0  rtentry2.o(.ARM.Collect$$rtentry$$0000000C)
    .ARM.Collect$$rtentry$$0000000D          0x00000250   Section        8  rtentry2.o(.ARM.Collect$$rtentry$$0000000D)
    .ARM.Collect$$rtexit$$00000000           0x00000258   Section        2  rtexit.o(.ARM.Collect$$rtexit$$00000000)
    .ARM.Collect$$rtexit$$00000002           0x0000025a   Section        0  rtexit2.o(.ARM.Collect$$rtexit$$00000002)
    .ARM.Collect$$rtexit$$00000003           0x0000025a   Section        4  rtexit2.o(.ARM.Collect$$rtexit$$00000003)
    .ARM.Collect$$rtexit$$00000004           0x0000025e   Section        6  rtexit2.o(.ARM.Collect$$rtexit$$00000004)
    .text                                    0x00000264   Section       52  startup_lpc11xx.o(.text)
    .text                                    0x00000298   Section        2  use_no_semi.o(.text)
    .text                                    0x0000029c   Section        0  c89vsnprintf.o(.text)
    .text                                    0x000002d4   Section        0  __2printf.o(.text)
    .text                                    0x000002f0   Section        0  heapauxi.o(.text)
    x$fpl$usenofp                            0x000002f6   Section        0  usenofp.o(x$fpl$usenofp)
    .ARM.__at_0x02FC                         0x000002fc   Section        4  startup_lpc11xx.o(.ARM.__at_0x02FC)
    .text                                    0x00000300   Section        0  system_lpc11xx.o(.text)
    .text                                    0x000003dc   Section        0  gpio.o(.text)
    NVIC_EnableIRQ                           0x0000079f   Thumb Code    14  gpio.o(.text)
    .text                                    0x000007c8   Section        0  uart.o(.text)
    .text                                    0x00000a10   Section        0  retarget.o(.text)
    .text                                    0x00000a98   Section        0  ssp.o(.text)
    NVIC_EnableIRQ                           0x00001025   Thumb Code    14  ssp.o(.text)
    .text                                    0x00001040   Section        0  i2c.o(.text)
    .text                                    0x00001348   Section        0  timer32.o(.text)
    NVIC_EnableIRQ                           0x000017c7   Thumb Code    14  timer32.o(.text)
    .text                                    0x000017e0   Section        0  tools.o(.text)
    .text                                    0x00001874   Section        0  oled2864.o(.text)
    .text                                    0x00002180   Section        0  spi_uart.o(.text)
    .text                                    0x0000247c   Section        0  key.o(.text)
    .text                                    0x00002524   Section        0  light.o(.text)
    readCommandReg                           0x00002525   Thumb Code    32  light.o(.text)
    readControlReg                           0x00002545   Thumb Code    32  light.o(.text)
    .text                                    0x00002870   Section        0  temp_hum.o(.text)
    .text                                    0x00002c58   Section        0  acc.o(.text)
    getStatus                                0x00002c59   Thumb Code    32  acc.o(.text)
    getModeControl                           0x00002c79   Thumb Code    32  acc.o(.text)
    setModeControl                           0x00002c99   Thumb Code    24  acc.o(.text)
    .text                                    0x00002ec8   Section        0  main.o(.text)
    NVIC_SetPriority                         0x00002ec9   Thumb Code   110  main.o(.text)
    .text                                    0x00003280   Section        0  lpc11c14_it.o(.text)
    .text                                    0x00003360   Section        0  my_functions.o(.text)
    .text                                    0x00003668   Section        0  __2snprintf.o(.text)
    .text                                    0x000036a4   Section        0  _printf_str.o(.text)
    .text                                    0x000036f8   Section        0  _printf_dec.o(.text)
    .text                                    0x00003764   Section        0  __printf_flags_ss_wp.o(.text)
    .text                                    0x000038ec   Section        0  rt_memclr.o(.text)
    .text                                    0x0000392c   Section      346  aeabi_sdiv.o(.text)
    .text                                    0x00003a86   Section        0  _printf_pad.o(.text)
    .text                                    0x00003ad4   Section        0  _printf_truncate.o(.text)
    .text                                    0x00003af8   Section        0  _printf_intcommon.o(.text)
    .text                                    0x00003ba8   Section        0  _printf_charcount.o(.text)
    .text                                    0x00003bd0   Section        0  _printf_char_common.o(.text)
    _printf_input_char                       0x00003bd1   Thumb Code    10  _printf_char_common.o(.text)
    .text                                    0x00003c00   Section        0  _sputc.o(.text)
    .text                                    0x00003c0a   Section        0  _snputc.o(.text)
    .text                                    0x00003c1a   Section        0  _printf_char.o(.text)
    .text                                    0x00003c48   Section        0  _printf_char_file.o(.text)
    .text                                    0x00003c70   Section        0  _printf_wctomb.o(.text)
    .text                                    0x00003d2c   Section        0  _printf_longlong_dec.o(.text)
    .text                                    0x00003d9c   Section        0  _printf_oct_int_ll.o(.text)
    _printf_longlong_oct_internal            0x00003d9d   Thumb Code     0  _printf_oct_int_ll.o(.text)
    .text                                    0x00003e0c   Section        0  _printf_hex_int_ll_ptr.o(.text)
    _printf_hex_common                       0x00003e0d   Thumb Code     0  _printf_hex_int_ll_ptr.o(.text)
    .text                                    0x00003ea4   Section        0  rtudiv10.o(.text)
    .text                                    0x00003ecc   Section        0  lludiv10.o(.text)
    .text                                    0x00003f48   Section        0  _printf_fp_dec.o(.text)
    _fp_digits                               0x00003f4b   Thumb Code   412  _printf_fp_dec.o(.text)
    .text                                    0x0000435c   Section        0  _printf_wchar.o(.text)
    .text                                    0x0000438a   Section        0  _wcrtomb.o(.text)
    .text                                    0x000043ce   Section       62  sys_stackheap_outer.o(.text)
    .text                                    0x0000440c   Section       16  rt_ctype_table.o(.text)
    .text                                    0x0000441c   Section        8  rt_locale_intlibspace.o(.text)
    .text                                    0x00004424   Section        0  _printf_fp_infnan.o(.text)
    .text                                    0x000044ac   Section        0  bigflt0.o(.text)
    .text                                    0x00004578   Section        0  btod.o(.text)
    btod_internal_mul                        0x000045b9   Thumb Code   456  btod.o(.text)
    btod_internal_div                        0x00004781   Thumb Code   494  btod.o(.text)
    .text                                    0x00004a20   Section        0  exit.o(.text)
    .text                                    0x00004a2c   Section        8  libspace.o(.text)
    .text                                    0x00004a34   Section        0  strcmp.o(.text)
    i.__ARM_common_ll_muluu                  0x00004abc   Section        0  btod.o(i.__ARM_common_ll_muluu)
    i.__ARM_common_switch8                   0x00004aec   Section        0  i2c.o(i.__ARM_common_switch8)
    i.__ARM_fpclassify                       0x00004b08   Section        0  fpclassify.o(i.__ARM_fpclassify)
    i._is_digit                              0x00004b34   Section        0  __printf_wp.o(i._is_digit)
    locale$$code                             0x00004b44   Section       44  lc_numeric_c.o(locale$$code)
    locale$$code                             0x00004b70   Section       44  lc_ctype_c.o(locale$$code)
    x$fpl$printf1                            0x00004b9c   Section       16  printf1.o(x$fpl$printf1)
    .constdata                               0x00004bac   Section       16  gpio.o(.constdata)
    LPC_GPIO                                 0x00004bac   Data          16  gpio.o(.constdata)
    .constdata                               0x00004bbc   Section     1948  oled2864.o(.constdata)
    LPC_GPIO                                 0x00004bbc   Data          16  oled2864.o(.constdata)
    .constdata                               0x00005358   Section       17  __printf_flags_ss_wp.o(.constdata)
    maptable                                 0x00005358   Data          17  __printf_flags_ss_wp.o(.constdata)
    .constdata                               0x0000536c   Section        8  _printf_wctomb.o(.constdata)
    initial_mbstate                          0x0000536c   Data           8  _printf_wctomb.o(.constdata)
    .constdata                               0x00005374   Section       40  _printf_hex_int_ll_ptr.o(.constdata)
    uc_hextab                                0x00005374   Data          20  _printf_hex_int_ll_ptr.o(.constdata)
    lc_hextab                                0x00005388   Data          20  _printf_hex_int_ll_ptr.o(.constdata)
    .constdata                               0x0000539c   Section      148  bigflt0.o(.constdata)
    tenpwrs_x                                0x0000539c   Data          60  bigflt0.o(.constdata)
    tenpwrs_i                                0x000053d8   Data          64  bigflt0.o(.constdata)
    locale$$data                             0x00005450   Section       28  lc_numeric_c.o(locale$$data)
    __lcnum_c_name                           0x00005454   Data           2  lc_numeric_c.o(locale$$data)
    __lcnum_c_start                          0x0000545c   Data           0  lc_numeric_c.o(locale$$data)
    __lcnum_c_point                          0x00005468   Data           0  lc_numeric_c.o(locale$$data)
    __lcnum_c_thousands                      0x0000546a   Data           0  lc_numeric_c.o(locale$$data)
    __lcnum_c_grouping                       0x0000546b   Data           0  lc_numeric_c.o(locale$$data)
    locale$$data                             0x0000546c   Section      272  lc_ctype_c.o(locale$$data)
    __lcnum_c_end                            0x0000546c   Data           0  lc_numeric_c.o(locale$$data)
    __lcctype_c_name                         0x00005470   Data           2  lc_ctype_c.o(locale$$data)
    __lcctype_c_start                        0x00005478   Data           0  lc_ctype_c.o(locale$$data)
    __lcctype_c_end                          0x0000557c   Data           0  lc_ctype_c.o(locale$$data)
    .data                                    0x10000000   Section       12  system_lpc11xx.o(.data)
    .data                                    0x1000000c   Section       16  uart.o(.data)
    .data                                    0x1000001c   Section        8  retarget.o(.data)
    .data                                    0x10000024   Section       24  ssp.o(.data)
    .data                                    0x1000003c   Section       41  i2c.o(.data)
    I2CMasterState                           0x1000003c   Data           4  i2c.o(.data)
    I2CSlaveState                            0x10000040   Data           4  i2c.o(.data)
    I2CCount                                 0x10000044   Data           4  i2c.o(.data)
    RdIndex                                  0x10000048   Data           4  i2c.o(.data)
    WrIndex                                  0x1000004c   Data           4  i2c.o(.data)
    I2CMode                                  0x10000050   Data           4  i2c.o(.data)
    I2CMasterBuffer                          0x10000054   Data           4  i2c.o(.data)
    I2CSlaveBuffer                           0x10000058   Data           4  i2c.o(.data)
    I2CReadLength                            0x1000005c   Data           4  i2c.o(.data)
    I2CWriteLength                           0x10000060   Data           4  i2c.o(.data)
    I2CAddr                                  0x10000064   Data           1  i2c.o(.data)
    .data                                    0x10000068   Section       24  timer32.o(.data)
    .data                                    0x10000080   Section        8  spi_uart.o(.data)
    .data                                    0x10000088   Section        8  light.o(.data)
    range                                    0x10000088   Data           4  light.o(.data)
    width                                    0x1000008c   Data           4  light.o(.data)
    .data                                    0x10000090   Section       40  lpc11c14_it.o(.data)
    .data                                    0x100000b8   Section        4  my_functions.o(.data)
    .bss                                     0x100000bc   Section       64  uart.o(.bss)
    .bss                                     0x100000fc   Section      256  spi_uart.o(.bss)
    .bss                                     0x100001fc   Section       96  libspace.o(.bss)
    HEAP                                     0x10000260   Section        0  startup_lpc11xx.o(HEAP)
    STACK                                    0x10000260   Section      512  startup_lpc11xx.o(STACK)
    Heap_Mem                                 0x10000260   Data           0  startup_lpc11xx.o(HEAP)
    Stack_Mem                                0x10000260   Data         512  startup_lpc11xx.o(STACK)
    __initial_sp                             0x10000460   Data           0  startup_lpc11xx.o(STACK)

    Global Symbols

    Symbol Name                              Value     Ov Type        Size  Object(Section)

    BuildAttributes$$THM_ISAv3M$S$PE$A:L22$X:L11$S22$IEEE1$IW$USESV6$~STKCKD$USESV7$~SHL$OTIME$ROPI$IEEEJ$EBA8$UX$STANDARDLIB$REQ8$PRES8$EABIv2 0x00000000   Number         0  anon$$obj.o ABSOLUTE
    __ARM_use_no_argv                        0x00000000   Number         0  main.o ABSOLUTE
    __Vectors                                0x00000000   Data           4  startup_lpc11xx.o(RESET)
    _printf_flags                            0x00000000   Number         0  printf_stubs.o ABSOLUTE
    _printf_return_value                     0x00000000   Number         0  printf_stubs.o ABSOLUTE
    _printf_sizespec                         0x00000000   Number         0  printf_stubs.o ABSOLUTE
    _printf_widthprec                        0x00000000   Number         0  printf_stubs.o ABSOLUTE
    __ARM_exceptions_init                     - Undefined Weak Reference
    __alloca_initialize                       - Undefined Weak Reference
    __cpp_initialize__aeabi_                  - Undefined Weak Reference
    __cxa_finalize                            - Undefined Weak Reference
    __sigvec_lookup                           - Undefined Weak Reference
    _atexit_init                              - Undefined Weak Reference
    _call_atexit_fns                          - Undefined Weak Reference
    _clock_init                               - Undefined Weak Reference
    _fp_trap_init                             - Undefined Weak Reference
    _fp_trap_shutdown                         - Undefined Weak Reference
    _get_lc_collate                           - Undefined Weak Reference
    _get_lc_monetary                          - Undefined Weak Reference
    _get_lc_time                              - Undefined Weak Reference
    _getenv_init                              - Undefined Weak Reference
    _handle_redirection                       - Undefined Weak Reference
    _init_alloc                               - Undefined Weak Reference
    _init_user_alloc                          - Undefined Weak Reference
    _initio                                   - Undefined Weak Reference
    _printf_fp_hex                            - Undefined Weak Reference
    _printf_mbtowc                            - Undefined Weak Reference
    _printf_wc                                - Undefined Weak Reference
    _rand_init                                - Undefined Weak Reference
    _signal_finish                            - Undefined Weak Reference
    _signal_init                              - Undefined Weak Reference
    _terminate_alloc                          - Undefined Weak Reference
    _terminate_user_alloc                     - Undefined Weak Reference
    _terminateio                              - Undefined Weak Reference
    __main                                   0x000000c1   Thumb Code     8  __main.o(!!!main)
    __scatterload                            0x000000c9   Thumb Code     0  __scatter.o(!!!scatter)
    __scatterload_rt2                        0x000000c9   Thumb Code    52  __scatter.o(!!!scatter)
    __scatterload_rt2_thumb_only             0x000000c9   Thumb Code     0  __scatter.o(!!!scatter)
    __scatterload_null                       0x000000d9   Thumb Code     0  __scatter.o(!!!scatter)
    __scatterload_copy                       0x00000105   Thumb Code    26  __scatter_copy.o(!!handler_copy)
    __scatterload_zeroinit                   0x00000121   Thumb Code    28  __scatter_zi.o(!!handler_zi)
    _printf_percent                          0x0000013d   Thumb Code     0  _printf_percent.o(.ARM.Collect$$_printf_percent$$00000000)
    _printf_n                                0x0000013f   Thumb Code     0  _printf_n.o(.ARM.Collect$$_printf_percent$$00000001)
    _printf_p                                0x00000149   Thumb Code     0  _printf_p.o(.ARM.Collect$$_printf_percent$$00000002)
    _printf_f                                0x00000153   Thumb Code     0  _printf_f.o(.ARM.Collect$$_printf_percent$$00000003)
    _printf_e                                0x0000015d   Thumb Code     0  _printf_e.o(.ARM.Collect$$_printf_percent$$00000004)
    _printf_g                                0x00000167   Thumb Code     0  _printf_g.o(.ARM.Collect$$_printf_percent$$00000005)
    _printf_a                                0x00000171   Thumb Code     0  _printf_a.o(.ARM.Collect$$_printf_percent$$00000006)
    _printf_ll                               0x0000017b   Thumb Code     0  _printf_ll.o(.ARM.Collect$$_printf_percent$$00000007)
    _printf_i                                0x00000185   Thumb Code     0  _printf_i.o(.ARM.Collect$$_printf_percent$$00000008)
    _printf_d                                0x0000018f   Thumb Code     0  _printf_d.o(.ARM.Collect$$_printf_percent$$00000009)
    _printf_u                                0x00000199   Thumb Code     0  _printf_u.o(.ARM.Collect$$_printf_percent$$0000000A)
    _printf_o                                0x000001a3   Thumb Code     0  _printf_o.o(.ARM.Collect$$_printf_percent$$0000000B)
    _printf_x                                0x000001ad   Thumb Code     0  _printf_x.o(.ARM.Collect$$_printf_percent$$0000000C)
    _printf_lli                              0x000001b7   Thumb Code     0  _printf_lli.o(.ARM.Collect$$_printf_percent$$0000000D)
    _printf_lld                              0x000001c1   Thumb Code     0  _printf_lld.o(.ARM.Collect$$_printf_percent$$0000000E)
    _printf_llu                              0x000001cb   Thumb Code     0  _printf_llu.o(.ARM.Collect$$_printf_percent$$0000000F)
    _printf_llo                              0x000001d5   Thumb Code     0  _printf_llo.o(.ARM.Collect$$_printf_percent$$00000010)
    _printf_llx                              0x000001df   Thumb Code     0  _printf_llx.o(.ARM.Collect$$_printf_percent$$00000011)
    _printf_l                                0x000001e9   Thumb Code     0  _printf_l.o(.ARM.Collect$$_printf_percent$$00000012)
    _printf_c                                0x000001f3   Thumb Code     0  _printf_c.o(.ARM.Collect$$_printf_percent$$00000013)
    _printf_s                                0x000001fd   Thumb Code     0  _printf_s.o(.ARM.Collect$$_printf_percent$$00000014)
    _printf_lc                               0x00000207   Thumb Code     0  _printf_lc.o(.ARM.Collect$$_printf_percent$$00000015)
    _printf_ls                               0x00000211   Thumb Code     0  _printf_ls.o(.ARM.Collect$$_printf_percent$$00000016)
    _printf_percent_end                      0x0000021b   Thumb Code     0  _printf_percent_end.o(.ARM.Collect$$_printf_percent$$00000017)
    __rt_lib_init                            0x0000021f   Thumb Code     0  libinit.o(.ARM.Collect$$libinit$$00000000)
    __rt_lib_init_fp_1                       0x00000221   Thumb Code     0  libinit2.o(.ARM.Collect$$libinit$$00000001)
    __rt_lib_init_heap_1                     0x00000225   Thumb Code     0  libinit2.o(.ARM.Collect$$libinit$$00000008)
    __rt_lib_init_lc_common                  0x00000225   Thumb Code     0  libinit2.o(.ARM.Collect$$libinit$$0000000D)
    __rt_lib_init_rand_1                     0x00000225   Thumb Code     0  libinit2.o(.ARM.Collect$$libinit$$0000000C)
    __rt_lib_init_user_alloc_1               0x00000225   Thumb Code     0  libinit2.o(.ARM.Collect$$libinit$$0000000A)
    __rt_lib_init_lc_collate_1               0x0000022b   Thumb Code     0  libinit2.o(.ARM.Collect$$libinit$$0000000F)
    __rt_lib_init_lc_ctype_2                 0x0000022b   Thumb Code     0  libinit2.o(.ARM.Collect$$libinit$$00000010)
    __rt_lib_init_lc_ctype_1                 0x00000237   Thumb Code     0  libinit2.o(.ARM.Collect$$libinit$$00000011)
    __rt_lib_init_lc_monetary_1              0x00000237   Thumb Code     0  libinit2.o(.ARM.Collect$$libinit$$00000013)
    __rt_lib_init_lc_numeric_2               0x00000237   Thumb Code     0  libinit2.o(.ARM.Collect$$libinit$$00000014)
    __rt_lib_init_alloca_1                   0x00000241   Thumb Code     0  libinit2.o(.ARM.Collect$$libinit$$0000002C)
    __rt_lib_init_argv_1                     0x00000241   Thumb Code     0  libinit2.o(.ARM.Collect$$libinit$$0000002A)
    __rt_lib_init_atexit_1                   0x00000241   Thumb Code     0  libinit2.o(.ARM.Collect$$libinit$$00000019)
    __rt_lib_init_clock_1                    0x00000241   Thumb Code     0  libinit2.o(.ARM.Collect$$libinit$$0000001F)
    __rt_lib_init_cpp_1                      0x00000241   Thumb Code     0  libinit2.o(.ARM.Collect$$libinit$$00000030)
    __rt_lib_init_exceptions_1               0x00000241   Thumb Code     0  libinit2.o(.ARM.Collect$$libinit$$0000002E)
    __rt_lib_init_fp_trap_1                  0x00000241   Thumb Code     0  libinit2.o(.ARM.Collect$$libinit$$0000001D)
    __rt_lib_init_getenv_1                   0x00000241   Thumb Code     0  libinit2.o(.ARM.Collect$$libinit$$00000021)
    __rt_lib_init_lc_numeric_1               0x00000241   Thumb Code     0  libinit2.o(.ARM.Collect$$libinit$$00000015)
    __rt_lib_init_lc_time_1                  0x00000241   Thumb Code     0  libinit2.o(.ARM.Collect$$libinit$$00000017)
    __rt_lib_init_return                     0x00000241   Thumb Code     0  libinit2.o(.ARM.Collect$$libinit$$00000031)
    __rt_lib_init_signal_1                   0x00000241   Thumb Code     0  libinit2.o(.ARM.Collect$$libinit$$0000001B)
    __rt_lib_init_stdio_1                    0x00000241   Thumb Code     0  libinit2.o(.ARM.Collect$$libinit$$00000023)
    __rt_lib_shutdown                        0x00000243   Thumb Code     0  libshutdown.o(.ARM.Collect$$libshutdown$$00000000)
    __rt_lib_shutdown_fp_trap_1              0x00000245   Thumb Code     0  libshutdown2.o(.ARM.Collect$$libshutdown$$00000006)
    __rt_lib_shutdown_heap_1                 0x00000245   Thumb Code     0  libshutdown2.o(.ARM.Collect$$libshutdown$$0000000E)
    __rt_lib_shutdown_return                 0x00000245   Thumb Code     0  libshutdown2.o(.ARM.Collect$$libshutdown$$0000000F)
    __rt_lib_shutdown_signal_1               0x00000245   Thumb Code     0  libshutdown2.o(.ARM.Collect$$libshutdown$$00000009)
    __rt_lib_shutdown_stdio_1                0x00000245   Thumb Code     0  libshutdown2.o(.ARM.Collect$$libshutdown$$00000003)
    __rt_lib_shutdown_user_alloc_1           0x00000245   Thumb Code     0  libshutdown2.o(.ARM.Collect$$libshutdown$$0000000B)
    __rt_entry                               0x00000247   Thumb Code     0  rtentry.o(.ARM.Collect$$rtentry$$00000000)
    __rt_entry_presh_1                       0x00000247   Thumb Code     0  rtentry2.o(.ARM.Collect$$rtentry$$00000002)
    __rt_entry_sh                            0x00000247   Thumb Code     0  rtentry4.o(.ARM.Collect$$rtentry$$00000004)
    __rt_entry_li                            0x0000024d   Thumb Code     0  rtentry2.o(.ARM.Collect$$rtentry$$0000000A)
    __rt_entry_postsh_1                      0x0000024d   Thumb Code     0  rtentry2.o(.ARM.Collect$$rtentry$$00000009)
    __rt_entry_main                          0x00000251   Thumb Code     0  rtentry2.o(.ARM.Collect$$rtentry$$0000000D)
    __rt_entry_postli_1                      0x00000251   Thumb Code     0  rtentry2.o(.ARM.Collect$$rtentry$$0000000C)
    __rt_exit                                0x00000259   Thumb Code     0  rtexit.o(.ARM.Collect$$rtexit$$00000000)
    __rt_exit_ls                             0x0000025b   Thumb Code     0  rtexit2.o(.ARM.Collect$$rtexit$$00000003)
    __rt_exit_prels_1                        0x0000025b   Thumb Code     0  rtexit2.o(.ARM.Collect$$rtexit$$00000002)
    __rt_exit_exit                           0x0000025f   Thumb Code     0  rtexit2.o(.ARM.Collect$$rtexit$$00000004)
    Reset_Handler                            0x00000265   Thumb Code     4  startup_lpc11xx.o(.text)
    NMI_Handler                              0x00000269   Thumb Code     2  startup_lpc11xx.o(.text)
    HardFault_Handler                        0x0000026b   Thumb Code     2  startup_lpc11xx.o(.text)
    MemManage_Handler                        0x0000026d   Thumb Code     2  startup_lpc11xx.o(.text)
    BusFault_Handler                         0x0000026f   Thumb Code     2  startup_lpc11xx.o(.text)
    UsageFault_Handler                       0x00000271   Thumb Code     2  startup_lpc11xx.o(.text)
    SVC_Handler                              0x00000273   Thumb Code     2  startup_lpc11xx.o(.text)
    DebugMon_Handler                         0x00000275   Thumb Code     2  startup_lpc11xx.o(.text)
    PendSV_Handler                           0x00000277   Thumb Code     2  startup_lpc11xx.o(.text)
    ADC_IRQHandler                           0x0000027b   Thumb Code     0  startup_lpc11xx.o(.text)
    BOD_IRQHandler                           0x0000027b   Thumb Code     0  startup_lpc11xx.o(.text)
    CAN_IRQHandler                           0x0000027b   Thumb Code     0  startup_lpc11xx.o(.text)
    FMC_IRQHandler                           0x0000027b   Thumb Code     0  startup_lpc11xx.o(.text)
    TIMER16_0_IRQHandler                     0x0000027b   Thumb Code     0  startup_lpc11xx.o(.text)
    TIMER16_1_IRQHandler                     0x0000027b   Thumb Code     0  startup_lpc11xx.o(.text)
    USB_FIQHandler                           0x0000027b   Thumb Code     0  startup_lpc11xx.o(.text)
    USB_IRQHandler                           0x0000027b   Thumb Code     0  startup_lpc11xx.o(.text)
    WAKEUP_IRQHandler                        0x0000027b   Thumb Code     0  startup_lpc11xx.o(.text)
    WDT_IRQHandler                           0x0000027b   Thumb Code     0  startup_lpc11xx.o(.text)
    __user_initial_stackheap                 0x0000027d   Thumb Code     0  startup_lpc11xx.o(.text)
    __I$use$semihosting                      0x00000299   Thumb Code     0  use_no_semi.o(.text)
    __use_no_semihosting_swi                 0x00000299   Thumb Code     2  use_no_semi.o(.text)
    __c89vsnprintf                           0x0000029d   Thumb Code    50  c89vsnprintf.o(.text)
    __2printf                                0x000002d5   Thumb Code    22  __2printf.o(.text)
    __use_two_region_memory                  0x000002f1   Thumb Code     2  heapauxi.o(.text)
    __rt_heap_escrow$2region                 0x000002f3   Thumb Code     2  heapauxi.o(.text)
    __rt_heap_expand$2region                 0x000002f5   Thumb Code     2  heapauxi.o(.text)
    __I$use$fp                               0x000002f6   Number         0  usenofp.o(x$fpl$usenofp)
    Main_PLL_Setup                           0x00000301   Thumb Code   136  system_lpc11xx.o(.text)
    SystemInit                               0x00000389   Thumb Code    60  system_lpc11xx.o(.text)
    GPIOInit                                 0x000003dd   Thumb Code    40  gpio.o(.text)
    GPIOSetInterrupt                         0x00000405   Thumb Code   446  gpio.o(.text)
    GPIOIntEnable                            0x000005c3   Thumb Code    88  gpio.o(.text)
    GPIOIntDisable                           0x0000061b   Thumb Code    88  gpio.o(.text)
    GPIOIntStatus                            0x00000673   Thumb Code    94  gpio.o(.text)
    GPIOIntClear                             0x000006d1   Thumb Code    88  gpio.o(.text)
    GPIOSetValue                             0x00000729   Thumb Code    22  gpio.o(.text)
    GPIOGetValue                             0x0000073f   Thumb Code    18  gpio.o(.text)
    GPIOSetDir                               0x00000751   Thumb Code    78  gpio.o(.text)
    UART_IRQHandler                          0x000007c9   Thumb Code   180  uart.o(.text)
    UARTInit                                 0x0000087d   Thumb Code   198  uart.o(.text)
    UARTSend                                 0x00000943   Thumb Code    30  uart.o(.text)
    UART0_PutChar                            0x00000961   Thumb Code    18  uart.o(.text)
    UART0_PutString                          0x00000973   Thumb Code    22  uart.o(.text)
    UART0_printf                             0x00000989   Thumb Code    40  uart.o(.text)
    UART0_GetChar                            0x000009b1   Thumb Code    54  uart.o(.text)
    PutCh                                    0x00000a11   Thumb Code    18  retarget.o(.text)
    fputc                                    0x00000a23   Thumb Code    14  retarget.o(.text)
    GetCh                                    0x00000a31   Thumb Code    34  retarget.o(.text)
    fgetc                                    0x00000a53   Thumb Code    16  retarget.o(.text)
    _ttywrch                                 0x00000a63   Thumb Code    12  retarget.o(.text)
    ferror                                   0x00000a6f   Thumb Code     8  retarget.o(.text)
    _sys_exit                                0x00000a77   Thumb Code     4  retarget.o(.text)
    GetCh_NoIRQ                              0x00000a7b   Thumb Code    18  retarget.o(.text)
    SSP0_IRQHandler                          0x00000a99   Thumb Code    66  ssp.o(.text)
    SSP1_IRQHandler                          0x00000adb   Thumb Code    74  ssp.o(.text)
    SSP_IOConfig                             0x00000b25   Thumb Code   324  ssp.o(.text)
    SPI_IOConfig                             0x00000c69   Thumb Code   392  ssp.o(.text)
    SSP_Init                                 0x00000df1   Thumb Code   102  ssp.o(.text)
    SPI_Init                                 0x00000e57   Thumb Code   170  ssp.o(.text)
    SSP_Send                                 0x00000f01   Thumb Code   106  ssp.o(.text)
    SSP_Receive                              0x00000f6b   Thumb Code    76  ssp.o(.text)
    SPI_PutGet                               0x00000fb7   Thumb Code   110  ssp.o(.text)
    I2C_IRQHandler                           0x00001041   Thumb Code   396  i2c.o(.text)
    I2CStart                                 0x000011cd   Thumb Code    42  i2c.o(.text)
    I2CStop                                  0x000011f7   Thumb Code    28  i2c.o(.text)
    I2CInit                                  0x00001213   Thumb Code   122  i2c.o(.text)
    I2CEngine                                0x0000128d   Thumb Code    56  i2c.o(.text)
    I2CRead                                  0x000012c5   Thumb Code    44  i2c.o(.text)
    I2CWrite                                 0x000012f1   Thumb Code    40  i2c.o(.text)
    delay32Ms                                0x00001349   Thumb Code   122  timer32.o(.text)
    TIMER32_0_IRQHandler                     0x000013c3   Thumb Code    54  timer32.o(.text)
    TIMER32_1_IRQHandler                     0x000013f9   Thumb Code    54  timer32.o(.text)
    enable_timer32                           0x0000142f   Thumb Code    20  timer32.o(.text)
    disable_timer32                          0x00001443   Thumb Code    20  timer32.o(.text)
    reset_timer32                            0x00001457   Thumb Code    34  timer32.o(.text)
    init_timer32                             0x00001479   Thumb Code   226  timer32.o(.text)
    init_timer32_a1                          0x0000155b   Thumb Code    88  timer32.o(.text)
    init_timer32PWM                          0x000015b3   Thumb Code   434  timer32.o(.text)
    setMatch_timer32PWM                      0x00001765   Thumb Code    98  timer32.o(.text)
    delay_ms                                 0x000017e1   Thumb Code   140  tools.o(.text)
    uDelay                                   0x00001875   Thumb Code    14  oled2864.o(.text)
    Delay                                    0x00001883   Thumb Code    48  oled2864.o(.text)
    Write_Command                            0x000018b3   Thumb Code    54  oled2864.o(.text)
    Write_Data                               0x000018e9   Thumb Code    54  oled2864.o(.text)
    Set_Start_Column                         0x0000191f   Thumb Code    44  oled2864.o(.text)
    Set_Addressing_Mode                      0x0000194b   Thumb Code    18  oled2864.o(.text)
    Set_Column_Address                       0x0000195d   Thumb Code    26  oled2864.o(.text)
    Set_Page_Address                         0x00001977   Thumb Code    26  oled2864.o(.text)
    Set_Start_Line                           0x00001991   Thumb Code    16  oled2864.o(.text)
    Set_Contrast_Control                     0x000019a1   Thumb Code    18  oled2864.o(.text)
    Set_Charge_Pump                          0x000019b3   Thumb Code    22  oled2864.o(.text)
    Set_Segment_Remap                        0x000019c9   Thumb Code    16  oled2864.o(.text)
    Set_Entire_Display                       0x000019d9   Thumb Code    16  oled2864.o(.text)
    Set_Inverse_Display                      0x000019e9   Thumb Code    16  oled2864.o(.text)
    Set_Multiplex_Ratio                      0x000019f9   Thumb Code    18  oled2864.o(.text)
    Set_Display_On_Off                       0x00001a0b   Thumb Code    16  oled2864.o(.text)
    Set_Start_Page                           0x00001a1b   Thumb Code    16  oled2864.o(.text)
    Set_Common_Remap                         0x00001a2b   Thumb Code    16  oled2864.o(.text)
    Set_Display_Offset                       0x00001a3b   Thumb Code    18  oled2864.o(.text)
    Set_Display_Clock                        0x00001a4d   Thumb Code    18  oled2864.o(.text)
    Set_Precharge_Period                     0x00001a5f   Thumb Code    18  oled2864.o(.text)
    Set_Common_Config                        0x00001a71   Thumb Code    22  oled2864.o(.text)
    Set_VCOMH                                0x00001a87   Thumb Code    18  oled2864.o(.text)
    Set_NOP                                  0x00001a99   Thumb Code    10  oled2864.o(.text)
    Fill_RAM                                 0x00001aa3   Thumb Code    48  oled2864.o(.text)
    OLED_ClearScreen                         0x00001ad3   Thumb Code    10  oled2864.o(.text)
    Fill_Block                               0x00001add   Thumb Code    68  oled2864.o(.text)
    Checkerboard                             0x00001b21   Thumb Code    52  oled2864.o(.text)
    Frame                                    0x00001b55   Thumb Code   108  oled2864.o(.text)
    Show_Font57                              0x00001bc1   Thumb Code    84  oled2864.o(.text)
    Show_String                              0x00001c15   Thumb Code    60  oled2864.o(.text)
    Show_Pattern                             0x00001c51   Thumb Code    78  oled2864.o(.text)
    OLED_DisChar                             0x00001c9f   Thumb Code   120  oled2864.o(.text)
    OLED_DisStrLine                          0x00001d17   Thumb Code    66  oled2864.o(.text)
    Vertical_Scroll                          0x00001d59   Thumb Code   124  oled2864.o(.text)
    Horizontal_Scroll                        0x00001dd5   Thumb Code    58  oled2864.o(.text)
    Continuous_Scroll                        0x00001e0f   Thumb Code    82  oled2864.o(.text)
    Deactivate_Scroll                        0x00001e61   Thumb Code    10  oled2864.o(.text)
    Fade_In                                  0x00001e6b   Thumb Code    44  oled2864.o(.text)
    Fade_Out                                 0x00001e97   Thumb Code    46  oled2864.o(.text)
    Sleep                                    0x00001ec5   Thumb Code    46  oled2864.o(.text)
    Test                                     0x00001ef3   Thumb Code    34  oled2864.o(.text)
    OLED_Init_E                              0x00001f15   Thumb Code   106  oled2864.o(.text)
    OLED_Init_I                              0x00001f7f   Thumb Code   126  oled2864.o(.text)
    OLED_Test                                0x00001ffd   Thumb Code   372  oled2864.o(.text)
    SPI752_RegRead                           0x00002181   Thumb Code    58  spi_uart.o(.text)
    ZigBee_IRQ_Process                       0x000021bb   Thumb Code   146  spi_uart.o(.text)
    SPI752_RegWrite                          0x0000224d   Thumb Code    52  spi_uart.o(.text)
    SPI752_Init                              0x00002281   Thumb Code   218  spi_uart.o(.text)
    SPI752_PutChar                           0x0000235b   Thumb Code    34  spi_uart.o(.text)
    RS485_PutChar                            0x0000237d   Thumb Code    14  spi_uart.o(.text)
    RS485_PutString                          0x0000238b   Thumb Code    24  spi_uart.o(.text)
    ZigBee_PutChar                           0x000023a3   Thumb Code    14  spi_uart.o(.text)
    ZigBee_PutString                         0x000023b1   Thumb Code    24  spi_uart.o(.text)
    SPI752_GetChar                           0x000023c9   Thumb Code   106  spi_uart.o(.text)
    RS485_GetChar                            0x00002433   Thumb Code    14  spi_uart.o(.text)
    ZigBee_GetChar                           0x00002441   Thumb Code    14  spi_uart.o(.text)
    ZigBee_GetString                         0x0000244f   Thumb Code    22  spi_uart.o(.text)
    KEY_Init                                 0x0000247d   Thumb Code    64  key.o(.text)
    KEY_Read                                 0x000024bd   Thumb Code   102  key.o(.text)
    light_init                               0x00002565   Thumb Code     2  light.o(.text)
    light_enable                             0x00002567   Thumb Code    38  light.o(.text)
    light_read                               0x0000258d   Thumb Code    86  light.o(.text)
    light_setMode                            0x000025e3   Thumb Code    44  light.o(.text)
    light_setWidth                           0x0000260f   Thumb Code    98  light.o(.text)
    light_setRange                           0x00002671   Thumb Code    96  light.o(.text)
    light_setHiThreshold                     0x000026d1   Thumb Code    50  light.o(.text)
    light_setLoThreshold                     0x00002703   Thumb Code    50  light.o(.text)
    light_setIrqInCycles                     0x00002735   Thumb Code    44  light.o(.text)
    light_getIrqStatus                       0x00002761   Thumb Code    16  light.o(.text)
    light_clearIrqStatus                     0x00002771   Thumb Code    36  light.o(.text)
    light_shutdown                           0x00002795   Thumb Code    58  light.o(.text)
    Light_Test                               0x000027cf   Thumb Code   110  light.o(.text)
    Read_Temp_Hum                            0x00002871   Thumb Code   454  temp_hum.o(.text)
    Temp_Hum_Test                            0x00002a37   Thumb Code   336  temp_hum.o(.text)
    acc_init                                 0x00002cb1   Thumb Code    10  acc.o(.text)
    acc_read                                 0x00002cbb   Thumb Code   118  acc.o(.text)
    acc_setRange                             0x00002d31   Thumb Code    34  acc.o(.text)
    acc_setMode                              0x00002d53   Thumb Code    30  acc.o(.text)
    Axis3_Test                               0x00002d71   Thumb Code   254  acc.o(.text)
    SysTick_Handler                          0x00002f37   Thumb Code     2  main.o(.text)
    main                                     0x00002f39   Thumb Code   798  main.o(.text)
    PIOINT0_IRQHandler                       0x00003281   Thumb Code    46  lpc11c14_it.o(.text)
    PIOINT1_IRQHandler                       0x000032af   Thumb Code    84  lpc11c14_it.o(.text)
    PIOINT2_IRQHandler                       0x00003303   Thumb Code    34  lpc11c14_it.o(.text)
    PIOINT3_IRQHandler                       0x00003325   Thumb Code    28  lpc11c14_it.o(.text)
    speaker_op                               0x00003361   Thumb Code    52  my_functions.o(.text)
    send_light_strength                      0x00003395   Thumb Code    86  my_functions.o(.text)
    send_hum_value                           0x000033eb   Thumb Code    92  my_functions.o(.text)
    send_temp_value                          0x00003447   Thumb Code   132  my_functions.o(.text)
    send_xyz_value                           0x000034cb   Thumb Code   264  my_functions.o(.text)
    __2snprintf                              0x00003669   Thumb Code    54  __2snprintf.o(.text)
    _printf_str                              0x000036a5   Thumb Code    82  _printf_str.o(.text)
    _printf_int_dec                          0x000036f9   Thumb Code    90  _printf_dec.o(.text)
    __printf                                 0x00003765   Thumb Code   386  __printf_flags_ss_wp.o(.text)
    _memset_w                                0x000038ed   Thumb Code    26  rt_memclr.o(.text)
    _memset                                  0x00003907   Thumb Code    30  rt_memclr.o(.text)
    __aeabi_memclr                           0x00003925   Thumb Code     4  rt_memclr.o(.text)
    __rt_memclr                              0x00003925   Thumb Code     0  rt_memclr.o(.text)
    __aeabi_memclr4                          0x00003929   Thumb Code     0  rt_memclr.o(.text)
    __aeabi_memclr8                          0x00003929   Thumb Code     0  rt_memclr.o(.text)
    __rt_memclr_w                            0x00003929   Thumb Code     4  rt_memclr.o(.text)
    __aeabi_uidiv                            0x0000392d   Thumb Code     0  aeabi_sdiv.o(.text)
    __aeabi_uidivmod                         0x0000392d   Thumb Code    20  aeabi_sdiv.o(.text)
    __aeabi_idiv                             0x00003941   Thumb Code     0  aeabi_sdiv.o(.text)
    __aeabi_idivmod                          0x00003941   Thumb Code   326  aeabi_sdiv.o(.text)
    _printf_pre_padding                      0x00003a87   Thumb Code    44  _printf_pad.o(.text)
    _printf_post_padding                     0x00003ab3   Thumb Code    34  _printf_pad.o(.text)
    _printf_truncate_signed                  0x00003ad5   Thumb Code    18  _printf_truncate.o(.text)
    _printf_truncate_unsigned                0x00003ae7   Thumb Code    18  _printf_truncate.o(.text)
    _printf_int_common                       0x00003af9   Thumb Code   176  _printf_intcommon.o(.text)
    _printf_charcount                        0x00003ba9   Thumb Code    40  _printf_charcount.o(.text)
    _printf_char_common                      0x00003bdb   Thumb Code    32  _printf_char_common.o(.text)
    _sputc                                   0x00003c01   Thumb Code    10  _sputc.o(.text)
    _snputc                                  0x00003c0b   Thumb Code    16  _snputc.o(.text)
    _printf_cs_common                        0x00003c1b   Thumb Code    22  _printf_char.o(.text)
    _printf_char                             0x00003c31   Thumb Code    16  _printf_char.o(.text)
    _printf_string                           0x00003c41   Thumb Code     8  _printf_char.o(.text)
    _printf_char_file                        0x00003c49   Thumb Code    34  _printf_char_file.o(.text)
    _printf_wctomb                           0x00003c71   Thumb Code   182  _printf_wctomb.o(.text)
    _printf_longlong_dec                     0x00003d2d   Thumb Code    94  _printf_longlong_dec.o(.text)
    _printf_longlong_oct                     0x00003d9d   Thumb Code    68  _printf_oct_int_ll.o(.text)
    _printf_int_oct                          0x00003de1   Thumb Code    24  _printf_oct_int_ll.o(.text)
    _printf_ll_oct                           0x00003df9   Thumb Code    10  _printf_oct_int_ll.o(.text)
    _printf_longlong_hex                     0x00003e0d   Thumb Code    88  _printf_hex_int_ll_ptr.o(.text)
    _printf_int_hex                          0x00003e65   Thumb Code    28  _printf_hex_int_ll_ptr.o(.text)
    _printf_ll_hex                           0x00003e81   Thumb Code    10  _printf_hex_int_ll_ptr.o(.text)
    _printf_hex_ptr                          0x00003e8b   Thumb Code    22  _printf_hex_int_ll_ptr.o(.text)
    __rt_udiv10                              0x00003ea5   Thumb Code    40  rtudiv10.o(.text)
    _ll_udiv10                               0x00003ecd   Thumb Code   122  lludiv10.o(.text)
    __lib_sel_fp_printf                      0x00003f49   Thumb Code     2  _printf_fp_dec.o(.text)
    _printf_fp_dec_real                      0x000040e7   Thumb Code   618  _printf_fp_dec.o(.text)
    _printf_lcs_common                       0x0000435d   Thumb Code    22  _printf_wchar.o(.text)
    _printf_wchar                            0x00004373   Thumb Code    16  _printf_wchar.o(.text)
    _printf_wstring                          0x00004383   Thumb Code     8  _printf_wchar.o(.text)
    _wcrtomb                                 0x0000438b   Thumb Code    68  _wcrtomb.o(.text)
    __user_setup_stackheap                   0x000043cf   Thumb Code    62  sys_stackheap_outer.o(.text)
    __rt_ctype_table                         0x0000440d   Thumb Code    16  rt_ctype_table.o(.text)
    __rt_locale                              0x0000441d   Thumb Code     8  rt_locale_intlibspace.o(.text)
    _printf_fp_infnan                        0x00004425   Thumb Code   120  _printf_fp_infnan.o(.text)
    _btod_etento                             0x000044ad   Thumb Code   200  bigflt0.o(.text)
    _btod_d2e                                0x00004579   Thumb Code    64  btod.o(.text)
    _btod_emul                               0x0000496f   Thumb Code    24  btod.o(.text)
    _btod_emuld                              0x00004987   Thumb Code    60  btod.o(.text)
    _btod_ediv                               0x000049c3   Thumb Code    22  btod.o(.text)
    _btod_edivd                              0x000049d9   Thumb Code    60  btod.o(.text)
    exit                                     0x00004a21   Thumb Code    12  exit.o(.text)
    __user_libspace                          0x00004a2d   Thumb Code     8  libspace.o(.text)
    __user_perproc_libspace                  0x00004a2d   Thumb Code     0  libspace.o(.text)
    __user_perthread_libspace                0x00004a2d   Thumb Code     0  libspace.o(.text)
    strcmp                                   0x00004a35   Thumb Code   132  strcmp.o(.text)
    __ARM_common_ll_muluu                    0x00004abd   Thumb Code    48  btod.o(i.__ARM_common_ll_muluu)
    __ARM_common_switch8                     0x00004aed   Thumb Code    28  i2c.o(i.__ARM_common_switch8)
    __ARM_fpclassify                         0x00004b09   Thumb Code    38  fpclassify.o(i.__ARM_fpclassify)
    _is_digit                                0x00004b35   Thumb Code    14  __printf_wp.o(i._is_digit)
    _get_lc_numeric                          0x00004b45   Thumb Code    44  lc_numeric_c.o(locale$$code)
    _get_lc_ctype                            0x00004b71   Thumb Code    44  lc_ctype_c.o(locale$$code)
    _printf_fp_dec                           0x00004b9d   Thumb Code    16  printf1.o(x$fpl$printf1)
    UniV                                     0x00004bcc   Data         192  oled2864.o(.constdata)
    Ascii_1                                  0x00004c8c   Data        1205  oled2864.o(.constdata)
    Ascii_2                                  0x00005141   Data         535  oled2864.o(.constdata)
    Region$$Table$$Base                      0x00005430   Number         0  anon$$obj.o(Region$$Table)
    Region$$Table$$Limit                     0x00005450   Number         0  anon$$obj.o(Region$$Table)
    __ctype                                  0x00005479   Data           0  lc_ctype_c.o(locale$$data)
    ClockSource                              0x10000000   Data           4  system_lpc11xx.o(.data)
    SystemFrequency                          0x10000004   Data           4  system_lpc11xx.o(.data)
    SystemAHBFrequency                       0x10000008   Data           4  system_lpc11xx.o(.data)
    UARTTxEmpty                              0x1000000c   Data           1  uart.o(.data)
    UARTCount                                0x10000010   Data           4  uart.o(.data)
    UART_op                                  0x10000014   Data           4  uart.o(.data)
    UARTStatus                               0x10000018   Data           4  uart.o(.data)
    __stdout                                 0x1000001c   Data           4  retarget.o(.data)
    __stdin                                  0x10000020   Data           4  retarget.o(.data)
    interruptRxStat0                         0x10000024   Data           4  ssp.o(.data)
    interruptOverRunStat0                    0x10000028   Data           4  ssp.o(.data)
    interruptRxTimeoutStat0                  0x1000002c   Data           4  ssp.o(.data)
    interruptRxStat1                         0x10000030   Data           4  ssp.o(.data)
    interruptOverRunStat1                    0x10000034   Data           4  ssp.o(.data)
    interruptRxTimeoutStat1                  0x10000038   Data           4  ssp.o(.data)
    timer32_0_counter                        0x10000068   Data           4  timer32.o(.data)
    timer32_1_counter                        0x1000006c   Data           4  timer32.o(.data)
    timer32_0_capture                        0x10000070   Data           4  timer32.o(.data)
    timer32_1_capture                        0x10000074   Data           4  timer32.o(.data)
    timer32_0_period                         0x10000078   Data           4  timer32.o(.data)
    timer32_1_period                         0x1000007c   Data           4  timer32.o(.data)
    SPI752_rbuf_0_ip                         0x10000080   Data           2  spi_uart.o(.data)
    SPI752_rbuf_0_op                         0x10000082   Data           2  spi_uart.o(.data)
    SPI752_rbuf_1_ip                         0x10000084   Data           2  spi_uart.o(.data)
    SPI752_rbuf_1_op                         0x10000086   Data           2  spi_uart.o(.data)
    gpio0_counter                            0x10000090   Data           4  lpc11c14_it.o(.data)
    p0_1_counter                             0x10000094   Data           4  lpc11c14_it.o(.data)
    gpio1_counter                            0x10000098   Data           4  lpc11c14_it.o(.data)
    p1_1_counter                             0x1000009c   Data           4  lpc11c14_it.o(.data)
    gpio2_counter                            0x100000a0   Data           4  lpc11c14_it.o(.data)
    p2_8_counter                             0x100000a4   Data           4  lpc11c14_it.o(.data)
    gpio3_counter                            0x100000a8   Data           4  lpc11c14_it.o(.data)
    p3_1_counter                             0x100000ac   Data           4  lpc11c14_it.o(.data)
    p3_2_counter                             0x100000b0   Data           4  lpc11c14_it.o(.data)
    p3_2_tc                                  0x100000b4   Data           4  lpc11c14_it.o(.data)
    period                                   0x100000b8   Data           4  my_functions.o(.data)
    UARTBuffer                               0x100000bc   Data          64  uart.o(.bss)
    SPI752_rbuf_0                            0x100000fc   Data         128  spi_uart.o(.bss)
    SPI752_rbuf_1                            0x1000017c   Data         128  spi_uart.o(.bss)
    __libspace_start                         0x100001fc   Data          96  libspace.o(.bss)
    __temporary_stack_top$libspace           0x1000025c   Data           0  libspace.o(.bss)



==============================================================================

Memory Map of the image

  Image Entry point : 0x000000c1

  Load Region LR_IROM1 (Base: 0x00000000, Size: 0x00005638, Max: 0x00008000, ABSOLUTE)

    Execution Region ER_IROM1 (Base: 0x00000000, Size: 0x0000557c, Max: 0x00008000, ABSOLUTE)

    Base Addr    Size         Type   Attr      Idx    E Section Name        Object

    0x00000000   0x000000c0   Data   RO            3    RESET               startup_lpc11xx.o
    0x000000c0   0x00000008   Code   RO          467  * !!!main             c_p.l(__main.o)
    0x000000c8   0x0000003c   Code   RO          741    !!!scatter          c_p.l(__scatter.o)
    0x00000104   0x0000001a   Code   RO          743    !!handler_copy      c_p.l(__scatter_copy.o)
    0x0000011e   0x00000002   PAD
    0x00000120   0x0000001c   Code   RO          745    !!handler_zi        c_p.l(__scatter_zi.o)
    0x0000013c   0x00000002   Code   RO          458    .ARM.Collect$$_printf_percent$$00000000  c_p.l(_printf_percent.o)
    0x0000013e   0x0000000a   Code   RO          525    .ARM.Collect$$_printf_percent$$00000001  c_p.l(_printf_n.o)
    0x00000148   0x0000000a   Code   RO          527    .ARM.Collect$$_printf_percent$$00000002  c_p.l(_printf_p.o)
    0x00000152   0x0000000a   Code   RO          531    .ARM.Collect$$_printf_percent$$00000003  c_p.l(_printf_f.o)
    0x0000015c   0x0000000a   Code   RO          532    .ARM.Collect$$_printf_percent$$00000004  c_p.l(_printf_e.o)
    0x00000166   0x0000000a   Code   RO          533    .ARM.Collect$$_printf_percent$$00000005  c_p.l(_printf_g.o)
    0x00000170   0x0000000a   Code   RO          534    .ARM.Collect$$_printf_percent$$00000006  c_p.l(_printf_a.o)
    0x0000017a   0x0000000a   Code   RO          539    .ARM.Collect$$_printf_percent$$00000007  c_p.l(_printf_ll.o)
    0x00000184   0x0000000a   Code   RO          529    .ARM.Collect$$_printf_percent$$00000008  c_p.l(_printf_i.o)
    0x0000018e   0x0000000a   Code   RO          457    .ARM.Collect$$_printf_percent$$00000009  c_p.l(_printf_d.o)
    0x00000198   0x0000000a   Code   RO          530    .ARM.Collect$$_printf_percent$$0000000A  c_p.l(_printf_u.o)
    0x000001a2   0x0000000a   Code   RO          528    .ARM.Collect$$_printf_percent$$0000000B  c_p.l(_printf_o.o)
    0x000001ac   0x0000000a   Code   RO          526    .ARM.Collect$$_printf_percent$$0000000C  c_p.l(_printf_x.o)
    0x000001b6   0x0000000a   Code   RO          536    .ARM.Collect$$_printf_percent$$0000000D  c_p.l(_printf_lli.o)
    0x000001c0   0x0000000a   Code   RO          537    .ARM.Collect$$_printf_percent$$0000000E  c_p.l(_printf_lld.o)
    0x000001ca   0x0000000a   Code   RO          538    .ARM.Collect$$_printf_percent$$0000000F  c_p.l(_printf_llu.o)
    0x000001d4   0x0000000a   Code   RO          543    .ARM.Collect$$_printf_percent$$00000010  c_p.l(_printf_llo.o)
    0x000001de   0x0000000a   Code   RO          544    .ARM.Collect$$_printf_percent$$00000011  c_p.l(_printf_llx.o)
    0x000001e8   0x0000000a   Code   RO          540    .ARM.Collect$$_printf_percent$$00000012  c_p.l(_printf_l.o)
    0x000001f2   0x0000000a   Code   RO          524    .ARM.Collect$$_printf_percent$$00000013  c_p.l(_printf_c.o)
    0x000001fc   0x0000000a   Code   RO          456    .ARM.Collect$$_printf_percent$$00000014  c_p.l(_printf_s.o)
    0x00000206   0x0000000a   Code   RO          541    .ARM.Collect$$_printf_percent$$00000015  c_p.l(_printf_lc.o)
    0x00000210   0x0000000a   Code   RO          542    .ARM.Collect$$_printf_percent$$00000016  c_p.l(_printf_ls.o)
    0x0000021a   0x00000004   Code   RO          535    .ARM.Collect$$_printf_percent$$00000017  c_p.l(_printf_percent_end.o)
    0x0000021e   0x00000002   Code   RO          609    .ARM.Collect$$libinit$$00000000  c_p.l(libinit.o)
    0x00000220   0x00000004   Code   RO          632    .ARM.Collect$$libinit$$00000001  c_p.l(libinit2.o)
    0x00000224   0x00000000   Code   RO          636    .ARM.Collect$$libinit$$00000008  c_p.l(libinit2.o)
    0x00000224   0x00000000   Code   RO          638    .ARM.Collect$$libinit$$0000000A  c_p.l(libinit2.o)
    0x00000224   0x00000000   Code   RO          640    .ARM.Collect$$libinit$$0000000C  c_p.l(libinit2.o)
    0x00000224   0x00000006   Code   RO          641    .ARM.Collect$$libinit$$0000000D  c_p.l(libinit2.o)
    0x0000022a   0x00000000   Code   RO          643    .ARM.Collect$$libinit$$0000000F  c_p.l(libinit2.o)
    0x0000022a   0x0000000c   Code   RO          644    .ARM.Collect$$libinit$$00000010  c_p.l(libinit2.o)
    0x00000236   0x00000000   Code   RO          645    .ARM.Collect$$libinit$$00000011  c_p.l(libinit2.o)
    0x00000236   0x00000000   Code   RO          647    .ARM.Collect$$libinit$$00000013  c_p.l(libinit2.o)
    0x00000236   0x0000000a   Code   RO          648    .ARM.Collect$$libinit$$00000014  c_p.l(libinit2.o)
    0x00000240   0x00000000   Code   RO          649    .ARM.Collect$$libinit$$00000015  c_p.l(libinit2.o)
    0x00000240   0x00000000   Code   RO          651    .ARM.Collect$$libinit$$00000017  c_p.l(libinit2.o)
    0x00000240   0x00000000   Code   RO          653    .ARM.Collect$$libinit$$00000019  c_p.l(libinit2.o)
    0x00000240   0x00000000   Code   RO          655    .ARM.Collect$$libinit$$0000001B  c_p.l(libinit2.o)
    0x00000240   0x00000000   Code   RO          657    .ARM.Collect$$libinit$$0000001D  c_p.l(libinit2.o)
    0x00000240   0x00000000   Code   RO          659    .ARM.Collect$$libinit$$0000001F  c_p.l(libinit2.o)
    0x00000240   0x00000000   Code   RO          661    .ARM.Collect$$libinit$$00000021  c_p.l(libinit2.o)
    0x00000240   0x00000000   Code   RO          663    .ARM.Collect$$libinit$$00000023  c_p.l(libinit2.o)
    0x00000240   0x00000000   Code   RO          667    .ARM.Collect$$libinit$$0000002A  c_p.l(libinit2.o)
    0x00000240   0x00000000   Code   RO          669    .ARM.Collect$$libinit$$0000002C  c_p.l(libinit2.o)
    0x00000240   0x00000000   Code   RO          671    .ARM.Collect$$libinit$$0000002E  c_p.l(libinit2.o)
    0x00000240   0x00000000   Code   RO          673    .ARM.Collect$$libinit$$00000030  c_p.l(libinit2.o)
    0x00000240   0x00000002   Code   RO          674    .ARM.Collect$$libinit$$00000031  c_p.l(libinit2.o)
    0x00000242   0x00000002   Code   RO          698    .ARM.Collect$$libshutdown$$00000000  c_p.l(libshutdown.o)
    0x00000244   0x00000000   Code   RO          725    .ARM.Collect$$libshutdown$$00000003  c_p.l(libshutdown2.o)
    0x00000244   0x00000000   Code   RO          728    .ARM.Collect$$libshutdown$$00000006  c_p.l(libshutdown2.o)
    0x00000244   0x00000000   Code   RO          731    .ARM.Collect$$libshutdown$$00000009  c_p.l(libshutdown2.o)
    0x00000244   0x00000000   Code   RO          733    .ARM.Collect$$libshutdown$$0000000B  c_p.l(libshutdown2.o)
    0x00000244   0x00000000   Code   RO          736    .ARM.Collect$$libshutdown$$0000000E  c_p.l(libshutdown2.o)
    0x00000244   0x00000002   Code   RO          737    .ARM.Collect$$libshutdown$$0000000F  c_p.l(libshutdown2.o)
    0x00000246   0x00000000   Code   RO          469    .ARM.Collect$$rtentry$$00000000  c_p.l(rtentry.o)
    0x00000246   0x00000000   Code   RO          550    .ARM.Collect$$rtentry$$00000002  c_p.l(rtentry2.o)
    0x00000246   0x00000006   Code   RO          562    .ARM.Collect$$rtentry$$00000004  c_p.l(rtentry4.o)
    0x0000024c   0x00000000   Code   RO          552    .ARM.Collect$$rtentry$$00000009  c_p.l(rtentry2.o)
    0x0000024c   0x00000004   Code   RO          553    .ARM.Collect$$rtentry$$0000000A  c_p.l(rtentry2.o)
    0x00000250   0x00000000   Code   RO          555    .ARM.Collect$$rtentry$$0000000C  c_p.l(rtentry2.o)
    0x00000250   0x00000008   Code   RO          556    .ARM.Collect$$rtentry$$0000000D  c_p.l(rtentry2.o)
    0x00000258   0x00000002   Code   RO          619    .ARM.Collect$$rtexit$$00000000  c_p.l(rtexit.o)
    0x0000025a   0x00000000   Code   RO          676    .ARM.Collect$$rtexit$$00000002  c_p.l(rtexit2.o)
    0x0000025a   0x00000004   Code   RO          677    .ARM.Collect$$rtexit$$00000003  c_p.l(rtexit2.o)
    0x0000025e   0x00000006   Code   RO          678    .ARM.Collect$$rtexit$$00000004  c_p.l(rtexit2.o)
    0x00000264   0x00000034   Code   RO            5    .text               startup_lpc11xx.o
    0x00000298   0x00000002   Code   RO          418    .text               c_p.l(use_no_semi.o)
    0x0000029a   0x00000002   PAD
    0x0000029c   0x00000038   Code   RO          420    .text               c_p.l(c89vsnprintf.o)
    0x000002d4   0x0000001c   Code   RO          422    .text               c_p.l(__2printf.o)
    0x000002f0   0x00000006   Code   RO          465    .text               c_p.l(heapauxi.o)
    0x000002f6   0x00000000   Code   RO          612    x$fpl$usenofp       fz_ps.l(usenofp.o)
    0x000002f6   0x00000006   PAD
    0x000002fc   0x00000004   Code   RO            4    .ARM.__at_0x02FC    startup_lpc11xx.o
    0x00000300   0x000000dc   Code   RO           27    .text               system_lpc11xx.o
    0x000003dc   0x000003ec   Code   RO           51    .text               gpio.o
    0x000007c8   0x00000248   Code   RO           75    .text               uart.o
    0x00000a10   0x00000088   Code   RO          104    .text               retarget.o
    0x00000a98   0x000005a8   Code   RO          127    .text               ssp.o
    0x00001040   0x00000308   Code   RO          147    .text               i2c.o
    0x00001348   0x00000498   Code   RO          175    .text               timer32.o
    0x000017e0   0x00000094   Code   RO          208    .text               tools.o
    0x00001874   0x0000090c   Code   RO          232    .text               oled2864.o
    0x00002180   0x000002fc   Code   RO          247    .text               spi_uart.o
    0x0000247c   0x000000a6   Code   RO          276    .text               key.o
    0x00002522   0x00000002   PAD
    0x00002524   0x0000034c   Code   RO          290    .text               light.o
    0x00002870   0x000003e8   Code   RO          307    .text               temp_hum.o
    0x00002c58   0x00000270   Code   RO          325    .text               acc.o
    0x00002ec8   0x000003b8   Code   RO          358    .text               main.o
    0x00003280   0x000000e0   Code   RO          384    .text               lpc11c14_it.o
    0x00003360   0x00000308   Code   RO          400    .text               my_functions.o
    0x00003668   0x0000003c   Code   RO          424    .text               c_p.l(__2snprintf.o)
    0x000036a4   0x00000052   Code   RO          432    .text               c_p.l(_printf_str.o)
    0x000036f6   0x00000002   PAD
    0x000036f8   0x0000006c   Code   RO          434    .text               c_p.l(_printf_dec.o)
    0x00003764   0x00000188   Code   RO          453    .text               c_p.l(__printf_flags_ss_wp.o)
    0x000038ec   0x00000040   Code   RO          459    .text               c_p.l(rt_memclr.o)
    0x0000392c   0x0000015a   Code   RO          461    .text               c_p.l(aeabi_sdiv.o)
    0x00003a86   0x0000004e   Code   RO          474    .text               c_p.l(_printf_pad.o)
    0x00003ad4   0x00000024   Code   RO          476    .text               c_p.l(_printf_truncate.o)
    0x00003af8   0x000000b0   Code   RO          478    .text               c_p.l(_printf_intcommon.o)
    0x00003ba8   0x00000028   Code   RO          480    .text               c_p.l(_printf_charcount.o)
    0x00003bd0   0x00000030   Code   RO          482    .text               c_p.l(_printf_char_common.o)
    0x00003c00   0x0000000a   Code   RO          484    .text               c_p.l(_sputc.o)
    0x00003c0a   0x00000010   Code   RO          486    .text               c_p.l(_snputc.o)
    0x00003c1a   0x0000002e   Code   RO          488    .text               c_p.l(_printf_char.o)
    0x00003c48   0x00000028   Code   RO          490    .text               c_p.l(_printf_char_file.o)
    0x00003c70   0x000000bc   Code   RO          492    .text               c_p.l(_printf_wctomb.o)
    0x00003d2c   0x00000070   Code   RO          495    .text               c_p.l(_printf_longlong_dec.o)
    0x00003d9c   0x00000070   Code   RO          501    .text               c_p.l(_printf_oct_int_ll.o)
    0x00003e0c   0x00000098   Code   RO          521    .text               c_p.l(_printf_hex_int_ll_ptr.o)
    0x00003ea4   0x00000028   Code   RO          545    .text               c_p.l(rtudiv10.o)
    0x00003ecc   0x0000007a   Code   RO          566    .text               c_p.l(lludiv10.o)
    0x00003f46   0x00000002   PAD
    0x00003f48   0x00000414   Code   RO          568    .text               c_p.l(_printf_fp_dec.o)
    0x0000435c   0x0000002e   Code   RO          572    .text               c_p.l(_printf_wchar.o)
    0x0000438a   0x00000044   Code   RO          574    .text               c_p.l(_wcrtomb.o)
    0x000043ce   0x0000003e   Code   RO          576    .text               c_p.l(sys_stackheap_outer.o)
    0x0000440c   0x00000010   Code   RO          579    .text               c_p.l(rt_ctype_table.o)
    0x0000441c   0x00000008   Code   RO          584    .text               c_p.l(rt_locale_intlibspace.o)
    0x00004424   0x00000088   Code   RO          586    .text               c_p.l(_printf_fp_infnan.o)
    0x000044ac   0x000000cc   Code   RO          588    .text               c_p.l(bigflt0.o)
    0x00004578   0x000004a8   Code   RO          591    .text               c_p.l(btod.o)
    0x00004a20   0x0000000c   Code   RO          598    .text               c_p.l(exit.o)
    0x00004a2c   0x00000008   Code   RO          615    .text               c_p.l(libspace.o)
    0x00004a34   0x00000088   Code   RO          630    .text               c_p.l(strcmp.o)
    0x00004abc   0x00000030   Code   RO          593    i.__ARM_common_ll_muluu  c_p.l(btod.o)
    0x00004aec   0x0000001c   Code   RO          158    i.__ARM_common_switch8  i2c.o
    0x00004b08   0x0000002c   Code   RO          613    i.__ARM_fpclassify  m_ps.l(fpclassify.o)
    0x00004b34   0x0000000e   Code   RO          446    i._is_digit         c_p.l(__printf_wp.o)
    0x00004b42   0x00000002   PAD
    0x00004b44   0x0000002c   Code   RO          596    locale$$code        c_p.l(lc_numeric_c.o)
    0x00004b70   0x0000002c   Code   RO          624    locale$$code        c_p.l(lc_ctype_c.o)
    0x00004b9c   0x00000010   Code   RO          547    x$fpl$printf1       fz_ps.l(printf1.o)
    0x00004bac   0x00000010   Data   RO           52    .constdata          gpio.o
    0x00004bbc   0x0000079c   Data   RO          233    .constdata          oled2864.o
    0x00005358   0x00000011   Data   RO          454    .constdata          c_p.l(__printf_flags_ss_wp.o)
    0x00005369   0x00000003   PAD
    0x0000536c   0x00000008   Data   RO          493    .constdata          c_p.l(_printf_wctomb.o)
    0x00005374   0x00000028   Data   RO          522    .constdata          c_p.l(_printf_hex_int_ll_ptr.o)
    0x0000539c   0x00000094   Data   RO          589    .constdata          c_p.l(bigflt0.o)
    0x00005430   0x00000020   Data   RO          739    Region$$Table       anon$$obj.o
    0x00005450   0x0000001c   Data   RO          595    locale$$data        c_p.l(lc_numeric_c.o)
    0x0000546c   0x00000110   Data   RO          623    locale$$data        c_p.l(lc_ctype_c.o)


    Execution Region RW_IRAM1 (Base: 0x10000000, Size: 0x00000460, Max: 0x00002000, ABSOLUTE)

    Base Addr    Size         Type   Attr      Idx    E Section Name        Object

    0x10000000   0x0000000c   Data   RW           28    .data               system_lpc11xx.o
    0x1000000c   0x00000010   Data   RW           77    .data               uart.o
    0x1000001c   0x00000008   Data   RW          105    .data               retarget.o
    0x10000024   0x00000018   Data   RW          130    .data               ssp.o
    0x1000003c   0x00000029   Data   RW          148    .data               i2c.o
    0x10000065   0x00000003   PAD
    0x10000068   0x00000018   Data   RW          176    .data               timer32.o
    0x10000080   0x00000008   Data   RW          250    .data               spi_uart.o
    0x10000088   0x00000008   Data   RW          291    .data               light.o
    0x10000090   0x00000028   Data   RW          386    .data               lpc11c14_it.o
    0x100000b8   0x00000004   Data   RW          402    .data               my_functions.o
    0x100000bc   0x00000040   Zero   RW           76    .bss                uart.o
    0x100000fc   0x00000100   Zero   RW          248    .bss                spi_uart.o
    0x100001fc   0x00000060   Zero   RW          616    .bss                c_p.l(libspace.o)
    0x1000025c   0x00000004   PAD
    0x10000260   0x00000000   Zero   RW            2    HEAP                startup_lpc11xx.o
    0x10000260   0x00000200   Zero   RW            1    STACK               startup_lpc11xx.o


==============================================================================

Image component sizes


      Code (inc. data)   RO Data    RW Data    ZI Data      Debug   Object Name

       624         90          0          0          0       3968   acc.o
         0          0          0          0          0       4212   core_cm0.o
      1004         28         16          0          0      11409   gpio.o
       804         62          0         41          0      18473   i2c.o
       166          0          0          0          0        784   key.o
       844         52          0          8          0       4582   light.o
       224         32          0         40          0       2285   lpc11c14_it.o
       952         52          0          0          0       9319   main.o
       776        150          0          4          0       2912   my_functions.o
      2316         24       1948          0          0      11316   oled2864.o
       136         12          0          8          0       3817   retarget.o
       764         24          0          8        256       4520   spi_uart.o
      1448         60          0         24          0       4457   ssp.o
        56         22        192          0        512       1132   startup_lpc11xx.o
       220         24          0         12          0       8713   system_lpc11xx.o
      1000        210          0          0          0       2533   temp_hum.o
      1176         56          0         24          0       4148   timer32.o
       148          8          0          0          0       1363   tools.o
       584         42          0         16         64      11655   uart.o

    ----------------------------------------------------------------------
     13244        948       2188        188        832     111598   Object Totals
         0          0         32          0          0          0   (incl. Generated)
         2          0          0          3          0          0   (incl. Padding)

    ----------------------------------------------------------------------

      Code (inc. data)   RO Data    RW Data    ZI Data      Debug   Library Member Name

        28          6          0          0          0         84   __2printf.o
        60          6          0          0          0         92   __2snprintf.o
         8          0          0          0          0         68   __main.o
       392          6         17          0          0         76   __printf_flags_ss_wp.o
        14          0          0          0          0         60   __printf_wp.o
        60          8          0          0          0          0   __scatter.o
        26          0          0          0          0          0   __scatter_copy.o
        28          0          0          0          0          0   __scatter_zi.o
        10          0          0          0          0          0   _printf_a.o
        10          0          0          0          0          0   _printf_c.o
        46          0          0          0          0        100   _printf_char.o
        48          6          0          0          0         88   _printf_char_common.o
        40          6          0          0          0         72   _printf_char_file.o
        40          0          0          0          0         60   _printf_charcount.o
        10          0          0          0          0          0   _printf_d.o
       108         18          0          0          0         76   _printf_dec.o
        10          0          0          0          0          0   _printf_e.o
        10          0          0          0          0          0   _printf_f.o
      1044         12          0          0          0        176   _printf_fp_dec.o
       136         16          0          0          0         76   _printf_fp_infnan.o
        10          0          0          0          0          0   _printf_g.o
       152          4         40          0          0        148   _printf_hex_int_ll_ptr.o
        10          0          0          0          0          0   _printf_i.o
       176          0          0          0          0         84   _printf_intcommon.o
        10          0          0          0          0          0   _printf_l.o
        10          0          0          0          0          0   _printf_lc.o
        10          0          0          0          0          0   _printf_ll.o
        10          0          0          0          0          0   _printf_lld.o
        10          0          0          0          0          0   _printf_lli.o
        10          0          0          0          0          0   _printf_llo.o
        10          0          0          0          0          0   _printf_llu.o
        10          0          0          0          0          0   _printf_llx.o
       112         18          0          0          0         76   _printf_longlong_dec.o
        10          0          0          0          0          0   _printf_ls.o
        10          0          0          0          0          0   _printf_n.o
        10          0          0          0          0          0   _printf_o.o
       112         10          0          0          0        112   _printf_oct_int_ll.o
        10          0          0          0          0          0   _printf_p.o
        78          0          0          0          0        100   _printf_pad.o
         2          0          0          0          0          0   _printf_percent.o
         4          0          0          0          0          0   _printf_percent_end.o
        10          0          0          0          0          0   _printf_s.o
        82          0          0          0          0         72   _printf_str.o
        36          0          0          0          0         76   _printf_truncate.o
        10          0          0          0          0          0   _printf_u.o
        46          0          0          0          0        100   _printf_wchar.o
       188          6          8          0          0         80   _printf_wctomb.o
        10          0          0          0          0          0   _printf_x.o
        16          0          0          0          0         60   _snputc.o
        10          0          0          0          0         60   _sputc.o
        68          0          0          0          0         72   _wcrtomb.o
       346          0          0          0          0         92   aeabi_sdiv.o
       204          4        148          0          0         80   bigflt0.o
      1240         12          0          0          0        316   btod.o
        56          6          0          0          0         72   c89vsnprintf.o
        12          0          0          0          0         64   exit.o
         6          0          0          0          0        136   heapauxi.o
        44         10        272          0          0         76   lc_ctype_c.o
        44         10         28          0          0         76   lc_numeric_c.o
         2          0          0          0          0          0   libinit.o
        34          0          0          0          0          0   libinit2.o
         2          0          0          0          0          0   libshutdown.o
         2          0          0          0          0          0   libshutdown2.o
         8          4          0          0         96         68   libspace.o
       122          0          0          0          0         72   lludiv10.o
        16          4          0          0          0         76   rt_ctype_table.o
         8          4          0          0          0         68   rt_locale_intlibspace.o
        64          0          0          0          0        108   rt_memclr.o
         0          0          0          0          0          0   rtentry.o
        12          0          0          0          0          0   rtentry2.o
         6          0          0          0          0          0   rtentry4.o
         2          0          0          0          0          0   rtexit.o
        10          0          0          0          0          0   rtexit2.o
        40          0          0          0          0         60   rtudiv10.o
       136          4          0          0          0         72   strcmp.o
        62          0          0          0          0         80   sys_stackheap_outer.o
         2          0          0          0          0         68   use_no_semi.o
        16          4          0          0          0         76   printf1.o
         0          0          0          0          0          0   usenofp.o
        44          6          0          0          0         60   fpclassify.o

    ----------------------------------------------------------------------
      5936        190        516          0        100       3788   Library Totals
        16          0          3          0          4          0   (incl. Padding)

    ----------------------------------------------------------------------

      Code (inc. data)   RO Data    RW Data    ZI Data      Debug   Library Name

      5860        180        513          0         96       3652   c_p.l
        16          4          0          0          0         76   fz_ps.l
        44          6          0          0          0         60   m_ps.l

    ----------------------------------------------------------------------
      5936        190        516          0        100       3788   Library Totals

    ----------------------------------------------------------------------

==============================================================================


      Code (inc. data)   RO Data    RW Data    ZI Data      Debug   

     19180       1138       2704        188        932     112226   Grand Totals
     19180       1138       2704        188        932     112226   ELF Image Totals
     19180       1138       2704        188          0          0   ROM Totals

==============================================================================

    Total RO  Size (Code + RO Data)                21884 (  21.37kB)
    Total RW  Size (RW Data + ZI Data)              1120 (   1.09kB)
    Total ROM Size (Code + RO Data + RW Data)      22072 (  21.55kB)

==============================================================================

